../Core/Src/main.c:83:5:main	32	static,ignoring_inline_asm
../Core/Src/main.c:152:6:SystemClock_Config	88	static
../Core/Src/main.c:200:13:MX_GPIO_Init	48	static
../Core/Src/main.c:246:6:button_interrupt_handler	8	static
../Core/Src/main.c:255:6:switch_priority	24	static
../Core/Src/main.c:269:13:task1_handler	16	static
../Core/Src/main.c:279:13:task2_handler	16	static
../Core/Src/main.c:303:6:HAL_TIM_PeriodElapsedCallback	16	static
../Core/Src/main.c:320:6:Error_Handler	4	static,ignoring_inline_asm
