14:57:19 **** Incremental Build of configuration Debug for project 001Tasks ****
make -j12 all 
arm-none-eabi-gcc "../Core/Src/main.c" -mcpu=cortex-m4 -std=gnu11 -g3 -DDEBUG -DUSE_HAL_DRIVER -DSTM32F446xx -c -I../Core/Inc -I"/home/wyatt/Desktop/Mastering_RTOS/Workspace/RTOS_workspace/001Tasks/ThirdParty/FreeRTOS" -I"/home/wyatt/Desktop/Mastering_RTOS/Workspace/RTOS_workspace/001Tasks/ThirdParty/FreeRTOS/include" -I"/home/wyatt/Desktop/Mastering_RTOS/Workspace/RTOS_workspace/001Tasks/ThirdParty/FreeRTOS/portable/GCC/ARM_CM4F" -I../Drivers/STM32F4xx_HAL_Driver/Inc -I../Drivers/STM32F4xx_HAL_Driver/Inc/Legacy -I../Drivers/CMSIS/Device/ST/STM32F4xx/Include -I../Drivers/CMSIS/Include -O0 -ffunction-sections -fdata-sections -Wall -fstack-usage -fcyclomatic-complexity -MMD -MP -MF"Core/Src/main.d" -MT"Core/Src/main.o" --specs=nano.specs -mfpu=fpv4-sp-d16 -mfloat-abi=hard -mthumb -o "Core/Src/main.o"
arm-none-eabi-gcc -o "001Tasks.elf" @"objects.list"   -mcpu=cortex-m4 -T"/home/wyatt/Desktop/Mastering_RTOS/Workspace/RTOS_workspace/001Tasks/STM32F446RETX_FLASH.ld" --specs=nosys.specs -Wl,-Map="001Tasks.map" -Wl,--gc-sections -static --specs=nano.specs -mfpu=fpv4-sp-d16 -mfloat-abi=hard -mthumb -Wl,--start-group -lc -lm -Wl,--end-group
Finished building target: 001Tasks.elf
 
arm-none-eabi-size   001Tasks.elf 
arm-none-eabi-objdump -h -S  001Tasks.elf  > "001Tasks.list"
   text	   data	    bss	    dec	    hex	filename
  19964	    120	  79200	  99284	  183d4	001Tasks.elf
Finished building: default.size.stdout
 
Finished building: 001Tasks.list
 

14:57:20 Build Finished. 0 errors, 0 warnings. (took 876ms)

