15:15:21 **** Incremental Build of configuration Debug for project 005_LED_Task_NotifyAndDeletion ****
make -j12 all 
arm-none-eabi-gcc "../Core/Src/main.c" -mcpu=cortex-m4 -std=gnu11 -g3 -DDEBUG -DUSE_HAL_DRIVER -DSTM32F446xx -c -I../Core/Inc -I../Drivers/STM32F4xx_HAL_Driver/Inc -I../Drivers/STM32F4xx_HAL_Driver/Inc/Legacy -I../Drivers/CMSIS/Device/ST/STM32F4xx/Include -I../Drivers/CMSIS/Include -I/home/wyatt/Desktop/Mastering_RTOS/Workspace/RTOS_workspace/common/ThirdParty/FreeRTOS/include -I/home/wyatt/Desktop/Mastering_RTOS/Workspace/RTOS_workspace/common/ThirdParty/FreeRTOS/portable/GCC/ARM_CM4F -I/home/wyatt/Desktop/Mastering_RTOS/Workspace/RTOS_workspace/common/ThirdParty/SEGGER/Config -I/home/wyatt/Desktop/Mastering_RTOS/Workspace/RTOS_workspace/common/ThirdParty/SEGGER/OS -I/home/wyatt/Desktop/Mastering_RTOS/Workspace/RTOS_workspace/common/ThirdParty/SEGGER/SEGGER -I/home/wyatt/Desktop/Mastering_RTOS/Workspace/RTOS_workspace/common/ThirdParty/FreeRTOS -O0 -ffunction-sections -fdata-sections -Wall -fstack-usage -fcyclomatic-complexity -MMD -MP -MF"Core/Src/main.d" -MT"Core/Src/main.o" --specs=nano.specs -mfpu=fpv4-sp-d16 -mfloat-abi=hard -mthumb -o "Core/Src/main.o"
arm-none-eabi-gcc -o "005_LED_Task_NotifyAndDeletion.elf" @"objects.list"   -mcpu=cortex-m4 -T"/home/wyatt/Desktop/Mastering_RTOS/Workspace/RTOS_workspace/005_LED_Task_NotifyAndDeletion/STM32F446RETX_FLASH.ld" --specs=nosys.specs -Wl,-Map="005_LED_Task_NotifyAndDeletion.map" -Wl,--gc-sections -static --specs=nano.specs -mfpu=fpv4-sp-d16 -mfloat-abi=hard -mthumb -Wl,--start-group -lc -lm -Wl,--end-group
Finished building target: 005_LED_Task_NotifyAndDeletion.elf
 
arm-none-eabi-size   005_LED_Task_NotifyAndDeletion.elf 
arm-none-eabi-objdump -h -S  005_LED_Task_NotifyAndDeletion.elf  > "005_LED_Task_NotifyAndDeletion.list"
   text	   data	    bss	    dec	    hex	filename
  31416	     36	  84644	 116096	  1c580	005_LED_Task_NotifyAndDeletion.elf
Finished building: default.size.stdout
 
Finished building: 005_LED_Task_NotifyAndDeletion.list
 

15:15:22 Build Finished. 0 errors, 0 warnings. (took 993ms)

