16:37:10 **** Incremental Build of configuration Debug for project 008_Queues_n_Timers ****
make -j12 all 
arm-none-eabi-gcc "../Core/Src/led_effect.c" -mcpu=cortex-m4 -std=gnu11 -g3 -DDEBUG -DUSE_HAL_DRIVER -DSTM32F446xx -c -I../Core/Inc -I../Drivers/STM32F4xx_HAL_Driver/Inc -I../Drivers/STM32F4xx_HAL_Driver/Inc/Legacy -I../Drivers/CMSIS/Device/ST/STM32F4xx/Include -I../Drivers/CMSIS/Include -I/home/wyatt/Desktop/Mastering_RTOS/Workspace/RTOS_workspace/common/ThirdParty/FreeRTOS/include -I/home/wyatt/Desktop/Mastering_RTOS/Workspace/RTOS_workspace/common/ThirdParty/FreeRTOS/portable/GCC/ARM_CM4F -I/home/wyatt/Desktop/Mastering_RTOS/Workspace/RTOS_workspace/common/ThirdParty/SEGGER/Config -I/home/wyatt/Desktop/Mastering_RTOS/Workspace/RTOS_workspace/common/ThirdParty/SEGGER/OS -I/home/wyatt/Desktop/Mastering_RTOS/Workspace/RTOS_workspace/common/ThirdParty/SEGGER/SEGGER -I/home/wyatt/Desktop/Mastering_RTOS/Workspace/RTOS_workspace/common/ThirdParty/FreeRTOS -O0 -ffunction-sections -fdata-sections -Wall -fstack-usage -fcyclomatic-complexity -MMD -MP -MF"Core/Src/led_effect.d" -MT"Core/Src/led_effect.o" --specs=nano.specs -mfpu=fpv4-sp-d16 -mfloat-abi=hard -mthumb -o "Core/Src/led_effect.o"
arm-none-eabi-gcc "../Core/Src/main.c" -mcpu=cortex-m4 -std=gnu11 -g3 -DDEBUG -DUSE_HAL_DRIVER -DSTM32F446xx -c -I../Core/Inc -I../Drivers/STM32F4xx_HAL_Driver/Inc -I../Drivers/STM32F4xx_HAL_Driver/Inc/Legacy -I../Drivers/CMSIS/Device/ST/STM32F4xx/Include -I../Drivers/CMSIS/Include -I/home/wyatt/Desktop/Mastering_RTOS/Workspace/RTOS_workspace/common/ThirdParty/FreeRTOS/include -I/home/wyatt/Desktop/Mastering_RTOS/Workspace/RTOS_workspace/common/ThirdParty/FreeRTOS/portable/GCC/ARM_CM4F -I/home/wyatt/Desktop/Mastering_RTOS/Workspace/RTOS_workspace/common/ThirdParty/SEGGER/Config -I/home/wyatt/Desktop/Mastering_RTOS/Workspace/RTOS_workspace/common/ThirdParty/SEGGER/OS -I/home/wyatt/Desktop/Mastering_RTOS/Workspace/RTOS_workspace/common/ThirdParty/SEGGER/SEGGER -I/home/wyatt/Desktop/Mastering_RTOS/Workspace/RTOS_workspace/common/ThirdParty/FreeRTOS -O0 -ffunction-sections -fdata-sections -Wall -fstack-usage -fcyclomatic-complexity -MMD -MP -MF"Core/Src/main.d" -MT"Core/Src/main.o" --specs=nano.specs -mfpu=fpv4-sp-d16 -mfloat-abi=hard -mthumb -o "Core/Src/main.o"
arm-none-eabi-gcc "../Core/Src/rtc.c" -mcpu=cortex-m4 -std=gnu11 -g3 -DDEBUG -DUSE_HAL_DRIVER -DSTM32F446xx -c -I../Core/Inc -I../Drivers/STM32F4xx_HAL_Driver/Inc -I../Drivers/STM32F4xx_HAL_Driver/Inc/Legacy -I../Drivers/CMSIS/Device/ST/STM32F4xx/Include -I../Drivers/CMSIS/Include -I/home/wyatt/Desktop/Mastering_RTOS/Workspace/RTOS_workspace/common/ThirdParty/FreeRTOS/include -I/home/wyatt/Desktop/Mastering_RTOS/Workspace/RTOS_workspace/common/ThirdParty/FreeRTOS/portable/GCC/ARM_CM4F -I/home/wyatt/Desktop/Mastering_RTOS/Workspace/RTOS_workspace/common/ThirdParty/SEGGER/Config -I/home/wyatt/Desktop/Mastering_RTOS/Workspace/RTOS_workspace/common/ThirdParty/SEGGER/OS -I/home/wyatt/Desktop/Mastering_RTOS/Workspace/RTOS_workspace/common/ThirdParty/SEGGER/SEGGER -I/home/wyatt/Desktop/Mastering_RTOS/Workspace/RTOS_workspace/common/ThirdParty/FreeRTOS -O0 -ffunction-sections -fdata-sections -Wall -fstack-usage -fcyclomatic-complexity -MMD -MP -MF"Core/Src/rtc.d" -MT"Core/Src/rtc.o" --specs=nano.specs -mfpu=fpv4-sp-d16 -mfloat-abi=hard -mthumb -o "Core/Src/rtc.o"
arm-none-eabi-gcc "../Core/Src/stm32f4xx_hal_msp.c" -mcpu=cortex-m4 -std=gnu11 -g3 -DDEBUG -DUSE_HAL_DRIVER -DSTM32F446xx -c -I../Core/Inc -I../Drivers/STM32F4xx_HAL_Driver/Inc -I../Drivers/STM32F4xx_HAL_Driver/Inc/Legacy -I../Drivers/CMSIS/Device/ST/STM32F4xx/Include -I../Drivers/CMSIS/Include -I/home/wyatt/Desktop/Mastering_RTOS/Workspace/RTOS_workspace/common/ThirdParty/FreeRTOS/include -I/home/wyatt/Desktop/Mastering_RTOS/Workspace/RTOS_workspace/common/ThirdParty/FreeRTOS/portable/GCC/ARM_CM4F -I/home/wyatt/Desktop/Mastering_RTOS/Workspace/RTOS_workspace/common/ThirdParty/SEGGER/Config -I/home/wyatt/Desktop/Mastering_RTOS/Workspace/RTOS_workspace/common/ThirdParty/SEGGER/OS -I/home/wyatt/Desktop/Mastering_RTOS/Workspace/RTOS_workspace/common/ThirdParty/SEGGER/SEGGER -I/home/wyatt/Desktop/Mastering_RTOS/Workspace/RTOS_workspace/common/ThirdParty/FreeRTOS -O0 -ffunction-sections -fdata-sections -Wall -fstack-usage -fcyclomatic-complexity -MMD -MP -MF"Core/Src/stm32f4xx_hal_msp.d" -MT"Core/Src/stm32f4xx_hal_msp.o" --specs=nano.specs -mfpu=fpv4-sp-d16 -mfloat-abi=hard -mthumb -o "Core/Src/stm32f4xx_hal_msp.o"
arm-none-eabi-gcc "../Core/Src/stm32f4xx_it.c" -mcpu=cortex-m4 -std=gnu11 -g3 -DDEBUG -DUSE_HAL_DRIVER -DSTM32F446xx -c -I../Core/Inc -I../Drivers/STM32F4xx_HAL_Driver/Inc -I../Drivers/STM32F4xx_HAL_Driver/Inc/Legacy -I../Drivers/CMSIS/Device/ST/STM32F4xx/Include -I../Drivers/CMSIS/Include -I/home/wyatt/Desktop/Mastering_RTOS/Workspace/RTOS_workspace/common/ThirdParty/FreeRTOS/include -I/home/wyatt/Desktop/Mastering_RTOS/Workspace/RTOS_workspace/common/ThirdParty/FreeRTOS/portable/GCC/ARM_CM4F -I/home/wyatt/Desktop/Mastering_RTOS/Workspace/RTOS_workspace/common/ThirdParty/SEGGER/Config -I/home/wyatt/Desktop/Mastering_RTOS/Workspace/RTOS_workspace/common/ThirdParty/SEGGER/OS -I/home/wyatt/Desktop/Mastering_RTOS/Workspace/RTOS_workspace/common/ThirdParty/SEGGER/SEGGER -I/home/wyatt/Desktop/Mastering_RTOS/Workspace/RTOS_workspace/common/ThirdParty/FreeRTOS -O0 -ffunction-sections -fdata-sections -Wall -fstack-usage -fcyclomatic-complexity -MMD -MP -MF"Core/Src/stm32f4xx_it.d" -MT"Core/Src/stm32f4xx_it.o" --specs=nano.specs -mfpu=fpv4-sp-d16 -mfloat-abi=hard -mthumb -o "Core/Src/stm32f4xx_it.o"
arm-none-eabi-gcc "../Core/Src/task_handler.c" -mcpu=cortex-m4 -std=gnu11 -g3 -DDEBUG -DUSE_HAL_DRIVER -DSTM32F446xx -c -I../Core/Inc -I../Drivers/STM32F4xx_HAL_Driver/Inc -I../Drivers/STM32F4xx_HAL_Driver/Inc/Legacy -I../Drivers/CMSIS/Device/ST/STM32F4xx/Include -I../Drivers/CMSIS/Include -I/home/wyatt/Desktop/Mastering_RTOS/Workspace/RTOS_workspace/common/ThirdParty/FreeRTOS/include -I/home/wyatt/Desktop/Mastering_RTOS/Workspace/RTOS_workspace/common/ThirdParty/FreeRTOS/portable/GCC/ARM_CM4F -I/home/wyatt/Desktop/Mastering_RTOS/Workspace/RTOS_workspace/common/ThirdParty/SEGGER/Config -I/home/wyatt/Desktop/Mastering_RTOS/Workspace/RTOS_workspace/common/ThirdParty/SEGGER/OS -I/home/wyatt/Desktop/Mastering_RTOS/Workspace/RTOS_workspace/common/ThirdParty/SEGGER/SEGGER -I/home/wyatt/Desktop/Mastering_RTOS/Workspace/RTOS_workspace/common/ThirdParty/FreeRTOS -O0 -ffunction-sections -fdata-sections -Wall -fstack-usage -fcyclomatic-complexity -MMD -MP -MF"Core/Src/task_handler.d" -MT"Core/Src/task_handler.o" --specs=nano.specs -mfpu=fpv4-sp-d16 -mfloat-abi=hard -mthumb -o "Core/Src/task_handler.o"
../Core/Src/main.c: In function 'main':
../Core/Src/main.c:149:32: warning: passing argument 2 of 'HAL_UART_Receive_IT' discards 'volatile' qualifier from pointer target type [-Wdiscarded-qualifiers]
  149 |   HAL_UART_Receive_IT(&huart2, &user_data, 1);
      |                                ^~~~~~~~~~
In file included from ../Core/Inc/stm32f4xx_hal_conf.h:411,
                 from ../Drivers/STM32F4xx_HAL_Driver/Inc/stm32f4xx_hal.h:29,
                 from ../Core/Inc/main.h:30,
                 from ../Core/Src/main.c:20:
../Drivers/STM32F4xx_HAL_Driver/Inc/stm32f4xx_hal_uart.h:725:75: note: expected 'uint8_t *' {aka 'unsigned char *'} but argument is of type 'volatile uint8_t *' {aka 'volatile unsigned char *'}
  725 | HAL_StatusTypeDef HAL_UART_Receive_IT(UART_HandleTypeDef *huart, uint8_t *pData, uint16_t Size);
      |                                                                  ~~~~~~~~~^~~~~
arm-none-eabi-gcc -o "008_Queues_n_Timers.elf" @"objects.list"   -mcpu=cortex-m4 -T"/home/wyatt/Desktop/Mastering_RTOS/Workspace/RTOS_workspace/008_Queues_n_Timers/STM32F446RETX_FLASH.ld" --specs=nosys.specs -Wl,-Map="008_Queues_n_Timers.map" -Wl,--gc-sections -static --specs=nano.specs -mfpu=fpv4-sp-d16 -mfloat-abi=hard -mthumb -Wl,--start-group -lc -lm -Wl,--end-group
Finished building target: 008_Queues_n_Timers.elf
 
arm-none-eabi-size   008_Queues_n_Timers.elf 
arm-none-eabi-objdump -h -S  008_Queues_n_Timers.elf  > "008_Queues_n_Timers.list"
   text	   data	    bss	    dec	    hex	filename
  29396	     32	  78992	 108420	  1a784	008_Queues_n_Timers.elf
Finished building: default.size.stdout
 
Finished building: 008_Queues_n_Timers.list
 

16:37:11 Build Finished. 0 errors, 1 warnings. (took 1s.45ms)

