14:45:11 **** Incremental Build of configuration Debug for project 001Tasks ****
make -j12 all 
arm-none-eabi-size   001Tasks.elf 
   text	   data	    bss	    dec	    hex	filename
  20108	    120	  79200	  99428	  18464	001Tasks.elf
Finished building: default.size.stdout
 
14:45:16 **** Incremental Build of configuration Debug for project 001Tasks ****
make -j12 all 
arm-none-eabi-size   001Tasks.elf 
   text	   data	    bss	    dec	    hex	filename
  20108	    120	  79200	  99428	  18464	001Tasks.elf
Finished building: default.size.stdout
 
14:53:03 **** Incremental Build of configuration Debug for project 001Tasks ****
make -j12 all 
arm-none-eabi-gcc "../ThirdParty/FreeRTOS/portable/MemMang/heap_4.c" -mcpu=cortex-m4 -std=gnu11 -g3 -DDEBUG -DUSE_HAL_DRIVER -DSTM32F446xx -c -I../Core/Inc -I"/home/wyatt/Desktop/Mastering_RTOS/Workspace/RTOS_workspace/001Tasks/ThirdParty/FreeRTOS" -I"/home/wyatt/Desktop/Mastering_RTOS/Workspace/RTOS_workspace/001Tasks/ThirdParty/FreeRTOS/include" -I"/home/wyatt/Desktop/Mastering_RTOS/Workspace/RTOS_workspace/001Tasks/ThirdParty/FreeRTOS/portable/GCC/ARM_CM4F" -I../Drivers/STM32F4xx_HAL_Driver/Inc -I../Drivers/STM32F4xx_HAL_Driver/Inc/Legacy -I../Drivers/CMSIS/Device/ST/STM32F4xx/Include -I../Drivers/CMSIS/Include -O0 -ffunction-sections -fdata-sections -Wall -fstack-usage -fcyclomatic-complexity -MMD -MP -MF"ThirdParty/FreeRTOS/portable/MemMang/heap_4.d" -MT"ThirdParty/FreeRTOS/portable/MemMang/heap_4.o" --specs=nano.specs -mfpu=fpv4-sp-d16 -mfloat-abi=hard -mthumb -o "ThirdParty/FreeRTOS/portable/MemMang/heap_4.o"
arm-none-eabi-gcc "../ThirdParty/FreeRTOS/portable/GCC/ARM_CM4F/port.c" -mcpu=cortex-m4 -std=gnu11 -g3 -DDEBUG -DUSE_HAL_DRIVER -DSTM32F446xx -c -I../Core/Inc -I"/home/wyatt/Desktop/Mastering_RTOS/Workspace/RTOS_workspace/001Tasks/ThirdParty/FreeRTOS" -I"/home/wyatt/Desktop/Mastering_RTOS/Workspace/RTOS_workspace/001Tasks/ThirdParty/FreeRTOS/include" -I"/home/wyatt/Desktop/Mastering_RTOS/Workspace/RTOS_workspace/001Tasks/ThirdParty/FreeRTOS/portable/GCC/ARM_CM4F" -I../Drivers/STM32F4xx_HAL_Driver/Inc -I../Drivers/STM32F4xx_HAL_Driver/Inc/Legacy -I../Drivers/CMSIS/Device/ST/STM32F4xx/Include -I../Drivers/CMSIS/Include -O0 -ffunction-sections -fdata-sections -Wall -fstack-usage -fcyclomatic-complexity -MMD -MP -MF"ThirdParty/FreeRTOS/portable/GCC/ARM_CM4F/port.d" -MT"ThirdParty/FreeRTOS/portable/GCC/ARM_CM4F/port.o" --specs=nano.specs -mfpu=fpv4-sp-d16 -mfloat-abi=hard -mthumb -o "ThirdParty/FreeRTOS/portable/GCC/ARM_CM4F/port.o"
arm-none-eabi-gcc "../ThirdParty/FreeRTOS/croutine.c" -mcpu=cortex-m4 -std=gnu11 -g3 -DDEBUG -DUSE_HAL_DRIVER -DSTM32F446xx -c -I../Core/Inc -I"/home/wyatt/Desktop/Mastering_RTOS/Workspace/RTOS_workspace/001Tasks/ThirdParty/FreeRTOS" -I"/home/wyatt/Desktop/Mastering_RTOS/Workspace/RTOS_workspace/001Tasks/ThirdParty/FreeRTOS/include" -I"/home/wyatt/Desktop/Mastering_RTOS/Workspace/RTOS_workspace/001Tasks/ThirdParty/FreeRTOS/portable/GCC/ARM_CM4F" -I../Drivers/STM32F4xx_HAL_Driver/Inc -I../Drivers/STM32F4xx_HAL_Driver/Inc/Legacy -I../Drivers/CMSIS/Device/ST/STM32F4xx/Include -I../Drivers/CMSIS/Include -O0 -ffunction-sections -fdata-sections -Wall -fstack-usage -fcyclomatic-complexity -MMD -MP -MF"ThirdParty/FreeRTOS/croutine.d" -MT"ThirdParty/FreeRTOS/croutine.o" --specs=nano.specs -mfpu=fpv4-sp-d16 -mfloat-abi=hard -mthumb -o "ThirdParty/FreeRTOS/croutine.o"
arm-none-eabi-gcc "../ThirdParty/FreeRTOS/event_groups.c" -mcpu=cortex-m4 -std=gnu11 -g3 -DDEBUG -DUSE_HAL_DRIVER -DSTM32F446xx -c -I../Core/Inc -I"/home/wyatt/Desktop/Mastering_RTOS/Workspace/RTOS_workspace/001Tasks/ThirdParty/FreeRTOS" -I"/home/wyatt/Desktop/Mastering_RTOS/Workspace/RTOS_workspace/001Tasks/ThirdParty/FreeRTOS/include" -I"/home/wyatt/Desktop/Mastering_RTOS/Workspace/RTOS_workspace/001Tasks/ThirdParty/FreeRTOS/portable/GCC/ARM_CM4F" -I../Drivers/STM32F4xx_HAL_Driver/Inc -I../Drivers/STM32F4xx_HAL_Driver/Inc/Legacy -I../Drivers/CMSIS/Device/ST/STM32F4xx/Include -I../Drivers/CMSIS/Include -O0 -ffunction-sections -fdata-sections -Wall -fstack-usage -fcyclomatic-complexity -MMD -MP -MF"ThirdParty/FreeRTOS/event_groups.d" -MT"ThirdParty/FreeRTOS/event_groups.o" --specs=nano.specs -mfpu=fpv4-sp-d16 -mfloat-abi=hard -mthumb -o "ThirdParty/FreeRTOS/event_groups.o"
arm-none-eabi-gcc "../ThirdParty/FreeRTOS/list.c" -mcpu=cortex-m4 -std=gnu11 -g3 -DDEBUG -DUSE_HAL_DRIVER -DSTM32F446xx -c -I../Core/Inc -I"/home/wyatt/Desktop/Mastering_RTOS/Workspace/RTOS_workspace/001Tasks/ThirdParty/FreeRTOS" -I"/home/wyatt/Desktop/Mastering_RTOS/Workspace/RTOS_workspace/001Tasks/ThirdParty/FreeRTOS/include" -I"/home/wyatt/Desktop/Mastering_RTOS/Workspace/RTOS_workspace/001Tasks/ThirdParty/FreeRTOS/portable/GCC/ARM_CM4F" -I../Drivers/STM32F4xx_HAL_Driver/Inc -I../Drivers/STM32F4xx_HAL_Driver/Inc/Legacy -I../Drivers/CMSIS/Device/ST/STM32F4xx/Include -I../Drivers/CMSIS/Include -O0 -ffunction-sections -fdata-sections -Wall -fstack-usage -fcyclomatic-complexity -MMD -MP -MF"ThirdParty/FreeRTOS/list.d" -MT"ThirdParty/FreeRTOS/list.o" --specs=nano.specs -mfpu=fpv4-sp-d16 -mfloat-abi=hard -mthumb -o "ThirdParty/FreeRTOS/list.o"
arm-none-eabi-gcc "../ThirdParty/FreeRTOS/queue.c" -mcpu=cortex-m4 -std=gnu11 -g3 -DDEBUG -DUSE_HAL_DRIVER -DSTM32F446xx -c -I../Core/Inc -I"/home/wyatt/Desktop/Mastering_RTOS/Workspace/RTOS_workspace/001Tasks/ThirdParty/FreeRTOS" -I"/home/wyatt/Desktop/Mastering_RTOS/Workspace/RTOS_workspace/001Tasks/ThirdParty/FreeRTOS/include" -I"/home/wyatt/Desktop/Mastering_RTOS/Workspace/RTOS_workspace/001Tasks/ThirdParty/FreeRTOS/portable/GCC/ARM_CM4F" -I../Drivers/STM32F4xx_HAL_Driver/Inc -I../Drivers/STM32F4xx_HAL_Driver/Inc/Legacy -I../Drivers/CMSIS/Device/ST/STM32F4xx/Include -I../Drivers/CMSIS/Include -O0 -ffunction-sections -fdata-sections -Wall -fstack-usage -fcyclomatic-complexity -MMD -MP -MF"ThirdParty/FreeRTOS/queue.d" -MT"ThirdParty/FreeRTOS/queue.o" --specs=nano.specs -mfpu=fpv4-sp-d16 -mfloat-abi=hard -mthumb -o "ThirdParty/FreeRTOS/queue.o"
arm-none-eabi-gcc "../ThirdParty/FreeRTOS/stream_buffer.c" -mcpu=cortex-m4 -std=gnu11 -g3 -DDEBUG -DUSE_HAL_DRIVER -DSTM32F446xx -c -I../Core/Inc -I"/home/wyatt/Desktop/Mastering_RTOS/Workspace/RTOS_workspace/001Tasks/ThirdParty/FreeRTOS" -I"/home/wyatt/Desktop/Mastering_RTOS/Workspace/RTOS_workspace/001Tasks/ThirdParty/FreeRTOS/include" -I"/home/wyatt/Desktop/Mastering_RTOS/Workspace/RTOS_workspace/001Tasks/ThirdParty/FreeRTOS/portable/GCC/ARM_CM4F" -I../Drivers/STM32F4xx_HAL_Driver/Inc -I../Drivers/STM32F4xx_HAL_Driver/Inc/Legacy -I../Drivers/CMSIS/Device/ST/STM32F4xx/Include -I../Drivers/CMSIS/Include -O0 -ffunction-sections -fdata-sections -Wall -fstack-usage -fcyclomatic-complexity -MMD -MP -MF"ThirdParty/FreeRTOS/stream_buffer.d" -MT"ThirdParty/FreeRTOS/stream_buffer.o" --specs=nano.specs -mfpu=fpv4-sp-d16 -mfloat-abi=hard -mthumb -o "ThirdParty/FreeRTOS/stream_buffer.o"
arm-none-eabi-gcc "../ThirdParty/FreeRTOS/tasks.c" -mcpu=cortex-m4 -std=gnu11 -g3 -DDEBUG -DUSE_HAL_DRIVER -DSTM32F446xx -c -I../Core/Inc -I"/home/wyatt/Desktop/Mastering_RTOS/Workspace/RTOS_workspace/001Tasks/ThirdParty/FreeRTOS" -I"/home/wyatt/Desktop/Mastering_RTOS/Workspace/RTOS_workspace/001Tasks/ThirdParty/FreeRTOS/include" -I"/home/wyatt/Desktop/Mastering_RTOS/Workspace/RTOS_workspace/001Tasks/ThirdParty/FreeRTOS/portable/GCC/ARM_CM4F" -I../Drivers/STM32F4xx_HAL_Driver/Inc -I../Drivers/STM32F4xx_HAL_Driver/Inc/Legacy -I../Drivers/CMSIS/Device/ST/STM32F4xx/Include -I../Drivers/CMSIS/Include -O0 -ffunction-sections -fdata-sections -Wall -fstack-usage -fcyclomatic-complexity -MMD -MP -MF"ThirdParty/FreeRTOS/tasks.d" -MT"ThirdParty/FreeRTOS/tasks.o" --specs=nano.specs -mfpu=fpv4-sp-d16 -mfloat-abi=hard -mthumb -o "ThirdParty/FreeRTOS/tasks.o"
arm-none-eabi-gcc "../ThirdParty/FreeRTOS/timers.c" -mcpu=cortex-m4 -std=gnu11 -g3 -DDEBUG -DUSE_HAL_DRIVER -DSTM32F446xx -c -I../Core/Inc -I"/home/wyatt/Desktop/Mastering_RTOS/Workspace/RTOS_workspace/001Tasks/ThirdParty/FreeRTOS" -I"/home/wyatt/Desktop/Mastering_RTOS/Workspace/RTOS_workspace/001Tasks/ThirdParty/FreeRTOS/include" -I"/home/wyatt/Desktop/Mastering_RTOS/Workspace/RTOS_workspace/001Tasks/ThirdParty/FreeRTOS/portable/GCC/ARM_CM4F" -I../Drivers/STM32F4xx_HAL_Driver/Inc -I../Drivers/STM32F4xx_HAL_Driver/Inc/Legacy -I../Drivers/CMSIS/Device/ST/STM32F4xx/Include -I../Drivers/CMSIS/Include -O0 -ffunction-sections -fdata-sections -Wall -fstack-usage -fcyclomatic-complexity -MMD -MP -MF"ThirdParty/FreeRTOS/timers.d" -MT"ThirdParty/FreeRTOS/timers.o" --specs=nano.specs -mfpu=fpv4-sp-d16 -mfloat-abi=hard -mthumb -o "ThirdParty/FreeRTOS/timers.o"
arm-none-eabi-gcc "../Core/Src/main.c" -mcpu=cortex-m4 -std=gnu11 -g3 -DDEBUG -DUSE_HAL_DRIVER -DSTM32F446xx -c -I../Core/Inc -I"/home/wyatt/Desktop/Mastering_RTOS/Workspace/RTOS_workspace/001Tasks/ThirdParty/FreeRTOS" -I"/home/wyatt/Desktop/Mastering_RTOS/Workspace/RTOS_workspace/001Tasks/ThirdParty/FreeRTOS/include" -I"/home/wyatt/Desktop/Mastering_RTOS/Workspace/RTOS_workspace/001Tasks/ThirdParty/FreeRTOS/portable/GCC/ARM_CM4F" -I../Drivers/STM32F4xx_HAL_Driver/Inc -I../Drivers/STM32F4xx_HAL_Driver/Inc/Legacy -I../Drivers/CMSIS/Device/ST/STM32F4xx/Include -I../Drivers/CMSIS/Include -O0 -ffunction-sections -fdata-sections -Wall -fstack-usage -fcyclomatic-complexity -MMD -MP -MF"Core/Src/main.d" -MT"Core/Src/main.o" --specs=nano.specs -mfpu=fpv4-sp-d16 -mfloat-abi=hard -mthumb -o "Core/Src/main.o"
arm-none-eabi-gcc -o "001Tasks.elf" @"objects.list"   -mcpu=cortex-m4 -T"/home/wyatt/Desktop/Mastering_RTOS/Workspace/RTOS_workspace/001Tasks/STM32F446RETX_FLASH.ld" --specs=nosys.specs -Wl,-Map="001Tasks.map" -Wl,--gc-sections -static --specs=nano.specs -mfpu=fpv4-sp-d16 -mfloat-abi=hard -mthumb -Wl,--start-group -lc -lm -Wl,--end-group
Finished building target: 001Tasks.elf
 
arm-none-eabi-size   001Tasks.elf 
arm-none-eabi-objdump -h -S  001Tasks.elf  > "001Tasks.list"
   text	   data	    bss	    dec	    hex	filename
  19932	    120	  79200	  99252	  183b4	001Tasks.elf
Finished building: default.size.stdout
 
Finished building: 001Tasks.list
 
14:57:19 **** Incremental Build of configuration Debug for project 001Tasks ****
make -j12 all 
arm-none-eabi-gcc "../Core/Src/main.c" -mcpu=cortex-m4 -std=gnu11 -g3 -DDEBUG -DUSE_HAL_DRIVER -DSTM32F446xx -c -I../Core/Inc -I"/home/wyatt/Desktop/Mastering_RTOS/Workspace/RTOS_workspace/001Tasks/ThirdParty/FreeRTOS" -I"/home/wyatt/Desktop/Mastering_RTOS/Workspace/RTOS_workspace/001Tasks/ThirdParty/FreeRTOS/include" -I"/home/wyatt/Desktop/Mastering_RTOS/Workspace/RTOS_workspace/001Tasks/ThirdParty/FreeRTOS/portable/GCC/ARM_CM4F" -I../Drivers/STM32F4xx_HAL_Driver/Inc -I../Drivers/STM32F4xx_HAL_Driver/Inc/Legacy -I../Drivers/CMSIS/Device/ST/STM32F4xx/Include -I../Drivers/CMSIS/Include -O0 -ffunction-sections -fdata-sections -Wall -fstack-usage -fcyclomatic-complexity -MMD -MP -MF"Core/Src/main.d" -MT"Core/Src/main.o" --specs=nano.specs -mfpu=fpv4-sp-d16 -mfloat-abi=hard -mthumb -o "Core/Src/main.o"
arm-none-eabi-gcc -o "001Tasks.elf" @"objects.list"   -mcpu=cortex-m4 -T"/home/wyatt/Desktop/Mastering_RTOS/Workspace/RTOS_workspace/001Tasks/STM32F446RETX_FLASH.ld" --specs=nosys.specs -Wl,-Map="001Tasks.map" -Wl,--gc-sections -static --specs=nano.specs -mfpu=fpv4-sp-d16 -mfloat-abi=hard -mthumb -Wl,--start-group -lc -lm -Wl,--end-group
Finished building target: 001Tasks.elf
 
arm-none-eabi-size   001Tasks.elf 
arm-none-eabi-objdump -h -S  001Tasks.elf  > "001Tasks.list"
   text	   data	    bss	    dec	    hex	filename
  19964	    120	  79200	  99284	  183d4	001Tasks.elf
Finished building: default.size.stdout
 
Finished building: 001Tasks.list
 
18:34:38 **** Incremental Build of configuration Debug for project 001Tasks ****
make -j12 all 
arm-none-eabi-gcc "../ThirdParty/SEGGER/SEGGER/Syscalls/SEGGER_RTT_Syscalls_GCC.c" -mcpu=cortex-m4 -std=gnu11 -g3 -DDEBUG -DUSE_HAL_DRIVER -DSTM32F446xx -c -I../Core/Inc -I"/home/wyatt/Desktop/Mastering_RTOS/Workspace/RTOS_workspace/001Tasks/ThirdParty/FreeRTOS" -I"/home/wyatt/Desktop/Mastering_RTOS/Workspace/RTOS_workspace/001Tasks/ThirdParty/FreeRTOS/include" -I"/home/wyatt/Desktop/Mastering_RTOS/Workspace/RTOS_workspace/001Tasks/ThirdParty/FreeRTOS/portable/GCC/ARM_CM4F" -I../Drivers/STM32F4xx_HAL_Driver/Inc -I../Drivers/STM32F4xx_HAL_Driver/Inc/Legacy -I../Drivers/CMSIS/Device/ST/STM32F4xx/Include -I../Drivers/CMSIS/Include -O0 -ffunction-sections -fdata-sections -Wall -fstack-usage -fcyclomatic-complexity -MMD -MP -MF"ThirdParty/SEGGER/SEGGER/Syscalls/SEGGER_RTT_Syscalls_GCC.d" -MT"ThirdParty/SEGGER/SEGGER/Syscalls/SEGGER_RTT_Syscalls_GCC.o" --specs=nano.specs -mfpu=fpv4-sp-d16 -mfloat-abi=hard -mthumb -o "ThirdParty/SEGGER/SEGGER/Syscalls/SEGGER_RTT_Syscalls_GCC.o"
arm-none-eabi-gcc "../ThirdParty/SEGGER/SEGGER/SEGGER_RTT.c" -mcpu=cortex-m4 -std=gnu11 -g3 -DDEBUG -DUSE_HAL_DRIVER -DSTM32F446xx -c -I../Core/Inc -I"/home/wyatt/Desktop/Mastering_RTOS/Workspace/RTOS_workspace/001Tasks/ThirdParty/FreeRTOS" -I"/home/wyatt/Desktop/Mastering_RTOS/Workspace/RTOS_workspace/001Tasks/ThirdParty/FreeRTOS/include" -I"/home/wyatt/Desktop/Mastering_RTOS/Workspace/RTOS_workspace/001Tasks/ThirdParty/FreeRTOS/portable/GCC/ARM_CM4F" -I../Drivers/STM32F4xx_HAL_Driver/Inc -I../Drivers/STM32F4xx_HAL_Driver/Inc/Legacy -I../Drivers/CMSIS/Device/ST/STM32F4xx/Include -I../Drivers/CMSIS/Include -O0 -ffunction-sections -fdata-sections -Wall -fstack-usage -fcyclomatic-complexity -MMD -MP -MF"ThirdParty/SEGGER/SEGGER/SEGGER_RTT.d" -MT"ThirdParty/SEGGER/SEGGER/SEGGER_RTT.o" --specs=nano.specs -mfpu=fpv4-sp-d16 -mfloat-abi=hard -mthumb -o "ThirdParty/SEGGER/SEGGER/SEGGER_RTT.o"
arm-none-eabi-gcc -mcpu=cortex-m4 -g3 -DDEBUG -c -x assembler-with-cpp -MMD -MP -MF"ThirdParty/SEGGER/SEGGER/SEGGER_RTT_ASM_ARMv7M.d" -MT"ThirdParty/SEGGER/SEGGER/SEGGER_RTT_ASM_ARMv7M.o" --specs=nano.specs -mfpu=fpv4-sp-d16 -mfloat-abi=hard -mthumb -o "ThirdParty/SEGGER/SEGGER/SEGGER_RTT_ASM_ARMv7M.o" "../ThirdParty/SEGGER/SEGGER/SEGGER_RTT_ASM_ARMv7M.S"
arm-none-eabi-gcc "../ThirdParty/SEGGER/SEGGER/SEGGER_RTT_printf.c" -mcpu=cortex-m4 -std=gnu11 -g3 -DDEBUG -DUSE_HAL_DRIVER -DSTM32F446xx -c -I../Core/Inc -I"/home/wyatt/Desktop/Mastering_RTOS/Workspace/RTOS_workspace/001Tasks/ThirdParty/FreeRTOS" -I"/home/wyatt/Desktop/Mastering_RTOS/Workspace/RTOS_workspace/001Tasks/ThirdParty/FreeRTOS/include" -I"/home/wyatt/Desktop/Mastering_RTOS/Workspace/RTOS_workspace/001Tasks/ThirdParty/FreeRTOS/portable/GCC/ARM_CM4F" -I../Drivers/STM32F4xx_HAL_Driver/Inc -I../Drivers/STM32F4xx_HAL_Driver/Inc/Legacy -I../Drivers/CMSIS/Device/ST/STM32F4xx/Include -I../Drivers/CMSIS/Include -O0 -ffunction-sections -fdata-sections -Wall -fstack-usage -fcyclomatic-complexity -MMD -MP -MF"ThirdParty/SEGGER/SEGGER/SEGGER_RTT_printf.d" -MT"ThirdParty/SEGGER/SEGGER/SEGGER_RTT_printf.o" --specs=nano.specs -mfpu=fpv4-sp-d16 -mfloat-abi=hard -mthumb -o "ThirdParty/SEGGER/SEGGER/SEGGER_RTT_printf.o"
arm-none-eabi-gcc "../ThirdParty/SEGGER/SEGGER/SEGGER_SYSVIEW.c" -mcpu=cortex-m4 -std=gnu11 -g3 -DDEBUG -DUSE_HAL_DRIVER -DSTM32F446xx -c -I../Core/Inc -I"/home/wyatt/Desktop/Mastering_RTOS/Workspace/RTOS_workspace/001Tasks/ThirdParty/FreeRTOS" -I"/home/wyatt/Desktop/Mastering_RTOS/Workspace/RTOS_workspace/001Tasks/ThirdParty/FreeRTOS/include" -I"/home/wyatt/Desktop/Mastering_RTOS/Workspace/RTOS_workspace/001Tasks/ThirdParty/FreeRTOS/portable/GCC/ARM_CM4F" -I../Drivers/STM32F4xx_HAL_Driver/Inc -I../Drivers/STM32F4xx_HAL_Driver/Inc/Legacy -I../Drivers/CMSIS/Device/ST/STM32F4xx/Include -I../Drivers/CMSIS/Include -O0 -ffunction-sections -fdata-sections -Wall -fstack-usage -fcyclomatic-complexity -MMD -MP -MF"ThirdParty/SEGGER/SEGGER/SEGGER_SYSVIEW.d" -MT"ThirdParty/SEGGER/SEGGER/SEGGER_SYSVIEW.o" --specs=nano.specs -mfpu=fpv4-sp-d16 -mfloat-abi=hard -mthumb -o "ThirdParty/SEGGER/SEGGER/SEGGER_SYSVIEW.o"
arm-none-eabi-gcc "../ThirdParty/SEGGER/OS/SEGGER_SYSVIEW_FreeRTOS.c" -mcpu=cortex-m4 -std=gnu11 -g3 -DDEBUG -DUSE_HAL_DRIVER -DSTM32F446xx -c -I../Core/Inc -I"/home/wyatt/Desktop/Mastering_RTOS/Workspace/RTOS_workspace/001Tasks/ThirdParty/FreeRTOS" -I"/home/wyatt/Desktop/Mastering_RTOS/Workspace/RTOS_workspace/001Tasks/ThirdParty/FreeRTOS/include" -I"/home/wyatt/Desktop/Mastering_RTOS/Workspace/RTOS_workspace/001Tasks/ThirdParty/FreeRTOS/portable/GCC/ARM_CM4F" -I../Drivers/STM32F4xx_HAL_Driver/Inc -I../Drivers/STM32F4xx_HAL_Driver/Inc/Legacy -I../Drivers/CMSIS/Device/ST/STM32F4xx/Include -I../Drivers/CMSIS/Include -O0 -ffunction-sections -fdata-sections -Wall -fstack-usage -fcyclomatic-complexity -MMD -MP -MF"ThirdParty/SEGGER/OS/SEGGER_SYSVIEW_FreeRTOS.d" -MT"ThirdParty/SEGGER/OS/SEGGER_SYSVIEW_FreeRTOS.o" --specs=nano.specs -mfpu=fpv4-sp-d16 -mfloat-abi=hard -mthumb -o "ThirdParty/SEGGER/OS/SEGGER_SYSVIEW_FreeRTOS.o"
arm-none-eabi-gcc "../ThirdParty/SEGGER/Config/SEGGER_SYSVIEW_Config_FreeRTOS.c" -mcpu=cortex-m4 -std=gnu11 -g3 -DDEBUG -DUSE_HAL_DRIVER -DSTM32F446xx -c -I../Core/Inc -I"/home/wyatt/Desktop/Mastering_RTOS/Workspace/RTOS_workspace/001Tasks/ThirdParty/FreeRTOS" -I"/home/wyatt/Desktop/Mastering_RTOS/Workspace/RTOS_workspace/001Tasks/ThirdParty/FreeRTOS/include" -I"/home/wyatt/Desktop/Mastering_RTOS/Workspace/RTOS_workspace/001Tasks/ThirdParty/FreeRTOS/portable/GCC/ARM_CM4F" -I../Drivers/STM32F4xx_HAL_Driver/Inc -I../Drivers/STM32F4xx_HAL_Driver/Inc/Legacy -I../Drivers/CMSIS/Device/ST/STM32F4xx/Include -I../Drivers/CMSIS/Include -O0 -ffunction-sections -fdata-sections -Wall -fstack-usage -fcyclomatic-complexity -MMD -MP -MF"ThirdParty/SEGGER/Config/SEGGER_SYSVIEW_Config_FreeRTOS.d" -MT"ThirdParty/SEGGER/Config/SEGGER_SYSVIEW_Config_FreeRTOS.o" --specs=nano.specs -mfpu=fpv4-sp-d16 -mfloat-abi=hard -mthumb -o "ThirdParty/SEGGER/Config/SEGGER_SYSVIEW_Config_FreeRTOS.o"
arm-none-eabi-gcc "../ThirdParty/FreeRTOS/portable/MemMang/heap_4.c" -mcpu=cortex-m4 -std=gnu11 -g3 -DDEBUG -DUSE_HAL_DRIVER -DSTM32F446xx -c -I../Core/Inc -I"/home/wyatt/Desktop/Mastering_RTOS/Workspace/RTOS_workspace/001Tasks/ThirdParty/FreeRTOS" -I"/home/wyatt/Desktop/Mastering_RTOS/Workspace/RTOS_workspace/001Tasks/ThirdParty/FreeRTOS/include" -I"/home/wyatt/Desktop/Mastering_RTOS/Workspace/RTOS_workspace/001Tasks/ThirdParty/FreeRTOS/portable/GCC/ARM_CM4F" -I../Drivers/STM32F4xx_HAL_Driver/Inc -I../Drivers/STM32F4xx_HAL_Driver/Inc/Legacy -I../Drivers/CMSIS/Device/ST/STM32F4xx/Include -I../Drivers/CMSIS/Include -O0 -ffunction-sections -fdata-sections -Wall -fstack-usage -fcyclomatic-complexity -MMD -MP -MF"ThirdParty/FreeRTOS/portable/MemMang/heap_4.d" -MT"ThirdParty/FreeRTOS/portable/MemMang/heap_4.o" --specs=nano.specs -mfpu=fpv4-sp-d16 -mfloat-abi=hard -mthumb -o "ThirdParty/FreeRTOS/portable/MemMang/heap_4.o"
arm-none-eabi-gcc "../ThirdParty/FreeRTOS/portable/GCC/ARM_CM4F/port.c" -mcpu=cortex-m4 -std=gnu11 -g3 -DDEBUG -DUSE_HAL_DRIVER -DSTM32F446xx -c -I../Core/Inc -I"/home/wyatt/Desktop/Mastering_RTOS/Workspace/RTOS_workspace/001Tasks/ThirdParty/FreeRTOS" -I"/home/wyatt/Desktop/Mastering_RTOS/Workspace/RTOS_workspace/001Tasks/ThirdParty/FreeRTOS/include" -I"/home/wyatt/Desktop/Mastering_RTOS/Workspace/RTOS_workspace/001Tasks/ThirdParty/FreeRTOS/portable/GCC/ARM_CM4F" -I../Drivers/STM32F4xx_HAL_Driver/Inc -I../Drivers/STM32F4xx_HAL_Driver/Inc/Legacy -I../Drivers/CMSIS/Device/ST/STM32F4xx/Include -I../Drivers/CMSIS/Include -O0 -ffunction-sections -fdata-sections -Wall -fstack-usage -fcyclomatic-complexity -MMD -MP -MF"ThirdParty/FreeRTOS/portable/GCC/ARM_CM4F/port.d" -MT"ThirdParty/FreeRTOS/portable/GCC/ARM_CM4F/port.o" --specs=nano.specs -mfpu=fpv4-sp-d16 -mfloat-abi=hard -mthumb -o "ThirdParty/FreeRTOS/portable/GCC/ARM_CM4F/port.o"
In file included from ../ThirdParty/SEGGER/SEGGER/SEGGER_RTT_ASM_ARMv7M.S:18:
../ThirdParty/SEGGER/SEGGER/SEGGER_RTT.h:60:10: fatal error: SEGGER_RTT_Conf.h: No such file or directory
   60 | #include "SEGGER_RTT_Conf.h"
      |          ^~~~~~~~~~~~~~~~~~~
compilation terminated.
make: *** [ThirdParty/SEGGER/SEGGER/subdir.mk:34: ThirdParty/SEGGER/SEGGER/SEGGER_RTT_ASM_ARMv7M.o] Error 1
make: *** Waiting for unfinished jobs....
arm-none-eabi-gcc "../ThirdParty/FreeRTOS/croutine.c" -mcpu=cortex-m4 -std=gnu11 -g3 -DDEBUG -DUSE_HAL_DRIVER -DSTM32F446xx -c -I../Core/Inc -I"/home/wyatt/Desktop/Mastering_RTOS/Workspace/RTOS_workspace/001Tasks/ThirdParty/FreeRTOS" -I"/home/wyatt/Desktop/Mastering_RTOS/Workspace/RTOS_workspace/001Tasks/ThirdParty/FreeRTOS/include" -I"/home/wyatt/Desktop/Mastering_RTOS/Workspace/RTOS_workspace/001Tasks/ThirdParty/FreeRTOS/portable/GCC/ARM_CM4F" -I../Drivers/STM32F4xx_HAL_Driver/Inc -I../Drivers/STM32F4xx_HAL_Driver/Inc/Legacy -I../Drivers/CMSIS/Device/ST/STM32F4xx/Include -I../Drivers/CMSIS/Include -O0 -ffunction-sections -fdata-sections -Wall -fstack-usage -fcyclomatic-complexity -MMD -MP -MF"ThirdParty/FreeRTOS/croutine.d" -MT"ThirdParty/FreeRTOS/croutine.o" --specs=nano.specs -mfpu=fpv4-sp-d16 -mfloat-abi=hard -mthumb -o "ThirdParty/FreeRTOS/croutine.o"
arm-none-eabi-gcc "../ThirdParty/FreeRTOS/event_groups.c" -mcpu=cortex-m4 -std=gnu11 -g3 -DDEBUG -DUSE_HAL_DRIVER -DSTM32F446xx -c -I../Core/Inc -I"/home/wyatt/Desktop/Mastering_RTOS/Workspace/RTOS_workspace/001Tasks/ThirdParty/FreeRTOS" -I"/home/wyatt/Desktop/Mastering_RTOS/Workspace/RTOS_workspace/001Tasks/ThirdParty/FreeRTOS/include" -I"/home/wyatt/Desktop/Mastering_RTOS/Workspace/RTOS_workspace/001Tasks/ThirdParty/FreeRTOS/portable/GCC/ARM_CM4F" -I../Drivers/STM32F4xx_HAL_Driver/Inc -I../Drivers/STM32F4xx_HAL_Driver/Inc/Legacy -I../Drivers/CMSIS/Device/ST/STM32F4xx/Include -I../Drivers/CMSIS/Include -O0 -ffunction-sections -fdata-sections -Wall -fstack-usage -fcyclomatic-complexity -MMD -MP -MF"ThirdParty/FreeRTOS/event_groups.d" -MT"ThirdParty/FreeRTOS/event_groups.o" --specs=nano.specs -mfpu=fpv4-sp-d16 -mfloat-abi=hard -mthumb -o "ThirdParty/FreeRTOS/event_groups.o"
In file included from ../ThirdParty/SEGGER/SEGGER/SEGGER_RTT_printf.c:54:
../ThirdParty/SEGGER/SEGGER/SEGGER_RTT.h:60:10: fatal error: SEGGER_RTT_Conf.h: No such file or directory
   60 | #include "SEGGER_RTT_Conf.h"
      |          ^~~~~~~~~~~~~~~~~~~
arm-none-eabi-gcc "../ThirdParty/FreeRTOS/list.c" -mcpu=cortex-m4 -std=gnu11 -g3 -DDEBUG -DUSE_HAL_DRIVER -DSTM32F446xx -c -I../Core/Inc -I"/home/wyatt/Desktop/Mastering_RTOS/Workspace/RTOS_workspace/001Tasks/ThirdParty/FreeRTOS" -I"/home/wyatt/Desktop/Mastering_RTOS/Workspace/RTOS_workspace/001Tasks/ThirdParty/FreeRTOS/include" -I"/home/wyatt/Desktop/Mastering_RTOS/Workspace/RTOS_workspace/001Tasks/ThirdParty/FreeRTOS/portable/GCC/ARM_CM4F" -I../Drivers/STM32F4xx_HAL_Driver/Inc -I../Drivers/STM32F4xx_HAL_Driver/Inc/Legacy -I../Drivers/CMSIS/Device/ST/STM32F4xx/Include -I../Drivers/CMSIS/Include -O0 -ffunction-sections -fdata-sections -Wall -fstack-usage -fcyclomatic-complexity -MMD -MP -MF"ThirdParty/FreeRTOS/list.d" -MT"ThirdParty/FreeRTOS/list.o" --specs=nano.specs -mfpu=fpv4-sp-d16 -mfloat-abi=hard -mthumb -o "ThirdParty/FreeRTOS/list.o"
compilation terminated.
In file included from /home/wyatt/Desktop/Mastering_RTOS/Workspace/RTOS_workspace/001Tasks/ThirdParty/FreeRTOS/include/FreeRTOS.h:59,
                 from ../ThirdParty/SEGGER/Config/SEGGER_SYSVIEW_Config_FreeRTOS.c:54:
/home/wyatt/Desktop/Mastering_RTOS/Workspace/RTOS_workspace/001Tasks/ThirdParty/FreeRTOS/FreeRTOSConfig.h:126:10: fatal error: SEGGER_SYSVIEW_FreeRTOS.h: No such file or directory
  126 | #include "SEGGER_SYSVIEW_FreeRTOS.h"
      |          ^~~~~~~~~~~~~~~~~~~~~~~~~~~
compilation terminated.
In file included from ../ThirdParty/SEGGER/SEGGER/SEGGER_RTT.c:76:
../ThirdParty/SEGGER/SEGGER/SEGGER_RTT.h:60:10: fatal error: SEGGER_RTT_Conf.h: No such file or directory
   60 | #include "SEGGER_RTT_Conf.h"
      |          ^~~~~~~~~~~~~~~~~~~
compilation terminated.
make: *** [ThirdParty/SEGGER/SEGGER/subdir.mk:32: ThirdParty/SEGGER/SEGGER/SEGGER_RTT_printf.o] Error 1
In file included from /home/wyatt/Desktop/Mastering_RTOS/Workspace/RTOS_workspace/001Tasks/ThirdParty/FreeRTOS/include/FreeRTOS.h:59,
                 from ../ThirdParty/SEGGER/OS/SEGGER_SYSVIEW_FreeRTOS.c:54:
/home/wyatt/Desktop/Mastering_RTOS/Workspace/RTOS_workspace/001Tasks/ThirdParty/FreeRTOS/FreeRTOSConfig.h:126:10: fatal error: SEGGER_SYSVIEW_FreeRTOS.h: No such file or directory
  126 | #include "SEGGER_SYSVIEW_FreeRTOS.h"
      |          ^~~~~~~~~~~~~~~~~~~~~~~~~~~
compilation terminated.
make: *** [ThirdParty/SEGGER/Config/subdir.mk:19: ThirdParty/SEGGER/Config/SEGGER_SYSVIEW_Config_FreeRTOS.o] Error 1
make: *** [ThirdParty/SEGGER/SEGGER/subdir.mk:32: ThirdParty/SEGGER/SEGGER/SEGGER_RTT.o] Error 1
make: *** [ThirdParty/SEGGER/OS/subdir.mk:19: ThirdParty/SEGGER/OS/SEGGER_SYSVIEW_FreeRTOS.o] Error 1
../ThirdParty/SEGGER/SEGGER/Syscalls/SEGGER_RTT_Syscalls_GCC.c:59:10: fatal error: SEGGER_RTT.h: No such file or directory
   59 | #include "SEGGER_RTT.h"
      |          ^~~~~~~~~~~~~~
compilation terminated.
In file included from /home/wyatt/Desktop/Mastering_RTOS/Workspace/RTOS_workspace/001Tasks/ThirdParty/FreeRTOS/include/FreeRTOS.h:59,
                 from ../ThirdParty/FreeRTOS/portable/GCC/ARM_CM4F/port.c:34:
/home/wyatt/Desktop/Mastering_RTOS/Workspace/RTOS_workspace/001Tasks/ThirdParty/FreeRTOS/FreeRTOSConfig.h:126:10: fatal error: SEGGER_SYSVIEW_FreeRTOS.h: No such file or directory
  126 | #include "SEGGER_SYSVIEW_FreeRTOS.h"
      |          ^~~~~~~~~~~~~~~~~~~~~~~~~~~
compilation terminated.
In file included from /home/wyatt/Desktop/Mastering_RTOS/Workspace/RTOS_workspace/001Tasks/ThirdParty/FreeRTOS/include/FreeRTOS.h:59,
                 from ../ThirdParty/FreeRTOS/croutine.c:29:
/home/wyatt/Desktop/Mastering_RTOS/Workspace/RTOS_workspace/001Tasks/ThirdParty/FreeRTOS/FreeRTOSConfig.h:126:10: fatal error: SEGGER_SYSVIEW_FreeRTOS.h: No such file or directory
  126 | #include "SEGGER_SYSVIEW_FreeRTOS.h"
      |          ^~~~~~~~~~~~~~~~~~~~~~~~~~~
compilation terminated.
make: *** [ThirdParty/SEGGER/SEGGER/Syscalls/subdir.mk:19: ThirdParty/SEGGER/SEGGER/Syscalls/SEGGER_RTT_Syscalls_GCC.o] Error 1
make: *** [ThirdParty/FreeRTOS/subdir.mk:37: ThirdParty/FreeRTOS/croutine.o] Error 1
make: *** [ThirdParty/FreeRTOS/portable/GCC/ARM_CM4F/subdir.mk:19: ThirdParty/FreeRTOS/portable/GCC/ARM_CM4F/port.o] Error 1
In file included from /home/wyatt/Desktop/Mastering_RTOS/Workspace/RTOS_workspace/001Tasks/ThirdParty/FreeRTOS/include/FreeRTOS.h:59,
                 from ../ThirdParty/FreeRTOS/event_groups.c:38:
/home/wyatt/Desktop/Mastering_RTOS/Workspace/RTOS_workspace/001Tasks/ThirdParty/FreeRTOS/FreeRTOSConfig.h:126:10: fatal error: SEGGER_SYSVIEW_FreeRTOS.h: No such file or directory
  126 | #include "SEGGER_SYSVIEW_FreeRTOS.h"
      |          ^~~~~~~~~~~~~~~~~~~~~~~~~~~
compilation terminated.
make: *** [ThirdParty/FreeRTOS/subdir.mk:37: ThirdParty/FreeRTOS/event_groups.o] Error 1
In file included from /home/wyatt/Desktop/Mastering_RTOS/Workspace/RTOS_workspace/001Tasks/ThirdParty/FreeRTOS/include/FreeRTOS.h:59,
                 from ../ThirdParty/FreeRTOS/portable/MemMang/heap_4.c:45:
/home/wyatt/Desktop/Mastering_RTOS/Workspace/RTOS_workspace/001Tasks/ThirdParty/FreeRTOS/FreeRTOSConfig.h:126:10: fatal error: SEGGER_SYSVIEW_FreeRTOS.h: No such file or directory
  126 | #include "SEGGER_SYSVIEW_FreeRTOS.h"
      |          ^~~~~~~~~~~~~~~~~~~~~~~~~~~
compilation terminated.
make: *** [ThirdParty/FreeRTOS/portable/MemMang/subdir.mk:19: ThirdParty/FreeRTOS/portable/MemMang/heap_4.o] Error 1
In file included from ../ThirdParty/SEGGER/SEGGER/SEGGER_SYSVIEW.h:64,
                 from ../ThirdParty/SEGGER/SEGGER/SEGGER_SYSVIEW_Int.h:64,
                 from ../ThirdParty/SEGGER/SEGGER/SEGGER_SYSVIEW.c:146:
../ThirdParty/SEGGER/SEGGER/SEGGER.h:59:10: fatal error: Global.h: No such file or directory
   59 | #include "Global.h"         // Type definitions: U8, U16, U32, I8, I16, I32
      |          ^~~~~~~~~~
compilation terminated.
make: *** [ThirdParty/SEGGER/SEGGER/subdir.mk:32: ThirdParty/SEGGER/SEGGER/SEGGER_SYSVIEW.o] Error 1
In file included from /home/wyatt/Desktop/Mastering_RTOS/Workspace/RTOS_workspace/001Tasks/ThirdParty/FreeRTOS/include/FreeRTOS.h:59,
                 from ../ThirdParty/FreeRTOS/list.c:37:
/home/wyatt/Desktop/Mastering_RTOS/Workspace/RTOS_workspace/001Tasks/ThirdParty/FreeRTOS/FreeRTOSConfig.h:126:10: fatal error: SEGGER_SYSVIEW_FreeRTOS.h: No such file or directory
  126 | #include "SEGGER_SYSVIEW_FreeRTOS.h"
      |          ^~~~~~~~~~~~~~~~~~~~~~~~~~~
compilation terminated.
make: *** [ThirdParty/FreeRTOS/subdir.mk:37: ThirdParty/FreeRTOS/list.o] Error 1
"make -j12 all" terminated with exit code 2. Build might be incomplete.
18:36:03 **** Incremental Build of configuration Debug for project 001Tasks ****
make -j12 all 
arm-none-eabi-gcc "../ThirdParty/SEGGER/SEGGER/Syscalls/SEGGER_RTT_Syscalls_GCC.c" -mcpu=cortex-m4 -std=gnu11 -g3 -DDEBUG -DUSE_HAL_DRIVER -DSTM32F446xx -c -I../Core/Inc -I"/home/wyatt/Desktop/Mastering_RTOS/Workspace/RTOS_workspace/001Tasks/ThirdParty/SEGGER/Config" -I"/home/wyatt/Desktop/Mastering_RTOS/Workspace/RTOS_workspace/001Tasks/ThirdParty/SEGGER/OS" -I"/home/wyatt/Desktop/Mastering_RTOS/Workspace/RTOS_workspace/001Tasks/ThirdParty/SEGGER/SEGGER" -I"/home/wyatt/Desktop/Mastering_RTOS/Workspace/RTOS_workspace/001Tasks/ThirdParty/FreeRTOS" -I"/home/wyatt/Desktop/Mastering_RTOS/Workspace/RTOS_workspace/001Tasks/ThirdParty/FreeRTOS/include" -I"/home/wyatt/Desktop/Mastering_RTOS/Workspace/RTOS_workspace/001Tasks/ThirdParty/FreeRTOS/portable/GCC/ARM_CM4F" -I../Drivers/STM32F4xx_HAL_Driver/Inc -I../Drivers/STM32F4xx_HAL_Driver/Inc/Legacy -I../Drivers/CMSIS/Device/ST/STM32F4xx/Include -I../Drivers/CMSIS/Include -O0 -ffunction-sections -fdata-sections -Wall -fstack-usage -fcyclomatic-complexity -MMD -MP -MF"ThirdParty/SEGGER/SEGGER/Syscalls/SEGGER_RTT_Syscalls_GCC.d" -MT"ThirdParty/SEGGER/SEGGER/Syscalls/SEGGER_RTT_Syscalls_GCC.o" --specs=nano.specs -mfpu=fpv4-sp-d16 -mfloat-abi=hard -mthumb -o "ThirdParty/SEGGER/SEGGER/Syscalls/SEGGER_RTT_Syscalls_GCC.o"
arm-none-eabi-gcc "../ThirdParty/SEGGER/SEGGER/SEGGER_RTT.c" -mcpu=cortex-m4 -std=gnu11 -g3 -DDEBUG -DUSE_HAL_DRIVER -DSTM32F446xx -c -I../Core/Inc -I"/home/wyatt/Desktop/Mastering_RTOS/Workspace/RTOS_workspace/001Tasks/ThirdParty/SEGGER/Config" -I"/home/wyatt/Desktop/Mastering_RTOS/Workspace/RTOS_workspace/001Tasks/ThirdParty/SEGGER/OS" -I"/home/wyatt/Desktop/Mastering_RTOS/Workspace/RTOS_workspace/001Tasks/ThirdParty/SEGGER/SEGGER" -I"/home/wyatt/Desktop/Mastering_RTOS/Workspace/RTOS_workspace/001Tasks/ThirdParty/FreeRTOS" -I"/home/wyatt/Desktop/Mastering_RTOS/Workspace/RTOS_workspace/001Tasks/ThirdParty/FreeRTOS/include" -I"/home/wyatt/Desktop/Mastering_RTOS/Workspace/RTOS_workspace/001Tasks/ThirdParty/FreeRTOS/portable/GCC/ARM_CM4F" -I../Drivers/STM32F4xx_HAL_Driver/Inc -I../Drivers/STM32F4xx_HAL_Driver/Inc/Legacy -I../Drivers/CMSIS/Device/ST/STM32F4xx/Include -I../Drivers/CMSIS/Include -O0 -ffunction-sections -fdata-sections -Wall -fstack-usage -fcyclomatic-complexity -MMD -MP -MF"ThirdParty/SEGGER/SEGGER/SEGGER_RTT.d" -MT"ThirdParty/SEGGER/SEGGER/SEGGER_RTT.o" --specs=nano.specs -mfpu=fpv4-sp-d16 -mfloat-abi=hard -mthumb -o "ThirdParty/SEGGER/SEGGER/SEGGER_RTT.o"
arm-none-eabi-gcc -mcpu=cortex-m4 -g3 -DDEBUG -c -x assembler-with-cpp -MMD -MP -MF"ThirdParty/SEGGER/SEGGER/SEGGER_RTT_ASM_ARMv7M.d" -MT"ThirdParty/SEGGER/SEGGER/SEGGER_RTT_ASM_ARMv7M.o" --specs=nano.specs -mfpu=fpv4-sp-d16 -mfloat-abi=hard -mthumb -o "ThirdParty/SEGGER/SEGGER/SEGGER_RTT_ASM_ARMv7M.o" "../ThirdParty/SEGGER/SEGGER/SEGGER_RTT_ASM_ARMv7M.S"
arm-none-eabi-gcc "../ThirdParty/SEGGER/SEGGER/SEGGER_RTT_printf.c" -mcpu=cortex-m4 -std=gnu11 -g3 -DDEBUG -DUSE_HAL_DRIVER -DSTM32F446xx -c -I../Core/Inc -I"/home/wyatt/Desktop/Mastering_RTOS/Workspace/RTOS_workspace/001Tasks/ThirdParty/SEGGER/Config" -I"/home/wyatt/Desktop/Mastering_RTOS/Workspace/RTOS_workspace/001Tasks/ThirdParty/SEGGER/OS" -I"/home/wyatt/Desktop/Mastering_RTOS/Workspace/RTOS_workspace/001Tasks/ThirdParty/SEGGER/SEGGER" -I"/home/wyatt/Desktop/Mastering_RTOS/Workspace/RTOS_workspace/001Tasks/ThirdParty/FreeRTOS" -I"/home/wyatt/Desktop/Mastering_RTOS/Workspace/RTOS_workspace/001Tasks/ThirdParty/FreeRTOS/include" -I"/home/wyatt/Desktop/Mastering_RTOS/Workspace/RTOS_workspace/001Tasks/ThirdParty/FreeRTOS/portable/GCC/ARM_CM4F" -I../Drivers/STM32F4xx_HAL_Driver/Inc -I../Drivers/STM32F4xx_HAL_Driver/Inc/Legacy -I../Drivers/CMSIS/Device/ST/STM32F4xx/Include -I../Drivers/CMSIS/Include -O0 -ffunction-sections -fdata-sections -Wall -fstack-usage -fcyclomatic-complexity -MMD -MP -MF"ThirdParty/SEGGER/SEGGER/SEGGER_RTT_printf.d" -MT"ThirdParty/SEGGER/SEGGER/SEGGER_RTT_printf.o" --specs=nano.specs -mfpu=fpv4-sp-d16 -mfloat-abi=hard -mthumb -o "ThirdParty/SEGGER/SEGGER/SEGGER_RTT_printf.o"
arm-none-eabi-gcc "../ThirdParty/SEGGER/SEGGER/SEGGER_SYSVIEW.c" -mcpu=cortex-m4 -std=gnu11 -g3 -DDEBUG -DUSE_HAL_DRIVER -DSTM32F446xx -c -I../Core/Inc -I"/home/wyatt/Desktop/Mastering_RTOS/Workspace/RTOS_workspace/001Tasks/ThirdParty/SEGGER/Config" -I"/home/wyatt/Desktop/Mastering_RTOS/Workspace/RTOS_workspace/001Tasks/ThirdParty/SEGGER/OS" -I"/home/wyatt/Desktop/Mastering_RTOS/Workspace/RTOS_workspace/001Tasks/ThirdParty/SEGGER/SEGGER" -I"/home/wyatt/Desktop/Mastering_RTOS/Workspace/RTOS_workspace/001Tasks/ThirdParty/FreeRTOS" -I"/home/wyatt/Desktop/Mastering_RTOS/Workspace/RTOS_workspace/001Tasks/ThirdParty/FreeRTOS/include" -I"/home/wyatt/Desktop/Mastering_RTOS/Workspace/RTOS_workspace/001Tasks/ThirdParty/FreeRTOS/portable/GCC/ARM_CM4F" -I../Drivers/STM32F4xx_HAL_Driver/Inc -I../Drivers/STM32F4xx_HAL_Driver/Inc/Legacy -I../Drivers/CMSIS/Device/ST/STM32F4xx/Include -I../Drivers/CMSIS/Include -O0 -ffunction-sections -fdata-sections -Wall -fstack-usage -fcyclomatic-complexity -MMD -MP -MF"ThirdParty/SEGGER/SEGGER/SEGGER_SYSVIEW.d" -MT"ThirdParty/SEGGER/SEGGER/SEGGER_SYSVIEW.o" --specs=nano.specs -mfpu=fpv4-sp-d16 -mfloat-abi=hard -mthumb -o "ThirdParty/SEGGER/SEGGER/SEGGER_SYSVIEW.o"
arm-none-eabi-gcc "../ThirdParty/SEGGER/OS/SEGGER_SYSVIEW_FreeRTOS.c" -mcpu=cortex-m4 -std=gnu11 -g3 -DDEBUG -DUSE_HAL_DRIVER -DSTM32F446xx -c -I../Core/Inc -I"/home/wyatt/Desktop/Mastering_RTOS/Workspace/RTOS_workspace/001Tasks/ThirdParty/SEGGER/Config" -I"/home/wyatt/Desktop/Mastering_RTOS/Workspace/RTOS_workspace/001Tasks/ThirdParty/SEGGER/OS" -I"/home/wyatt/Desktop/Mastering_RTOS/Workspace/RTOS_workspace/001Tasks/ThirdParty/SEGGER/SEGGER" -I"/home/wyatt/Desktop/Mastering_RTOS/Workspace/RTOS_workspace/001Tasks/ThirdParty/FreeRTOS" -I"/home/wyatt/Desktop/Mastering_RTOS/Workspace/RTOS_workspace/001Tasks/ThirdParty/FreeRTOS/include" -I"/home/wyatt/Desktop/Mastering_RTOS/Workspace/RTOS_workspace/001Tasks/ThirdParty/FreeRTOS/portable/GCC/ARM_CM4F" -I../Drivers/STM32F4xx_HAL_Driver/Inc -I../Drivers/STM32F4xx_HAL_Driver/Inc/Legacy -I../Drivers/CMSIS/Device/ST/STM32F4xx/Include -I../Drivers/CMSIS/Include -O0 -ffunction-sections -fdata-sections -Wall -fstack-usage -fcyclomatic-complexity -MMD -MP -MF"ThirdParty/SEGGER/OS/SEGGER_SYSVIEW_FreeRTOS.d" -MT"ThirdParty/SEGGER/OS/SEGGER_SYSVIEW_FreeRTOS.o" --specs=nano.specs -mfpu=fpv4-sp-d16 -mfloat-abi=hard -mthumb -o "ThirdParty/SEGGER/OS/SEGGER_SYSVIEW_FreeRTOS.o"
arm-none-eabi-gcc "../ThirdParty/SEGGER/Config/SEGGER_SYSVIEW_Config_FreeRTOS.c" -mcpu=cortex-m4 -std=gnu11 -g3 -DDEBUG -DUSE_HAL_DRIVER -DSTM32F446xx -c -I../Core/Inc -I"/home/wyatt/Desktop/Mastering_RTOS/Workspace/RTOS_workspace/001Tasks/ThirdParty/SEGGER/Config" -I"/home/wyatt/Desktop/Mastering_RTOS/Workspace/RTOS_workspace/001Tasks/ThirdParty/SEGGER/OS" -I"/home/wyatt/Desktop/Mastering_RTOS/Workspace/RTOS_workspace/001Tasks/ThirdParty/SEGGER/SEGGER" -I"/home/wyatt/Desktop/Mastering_RTOS/Workspace/RTOS_workspace/001Tasks/ThirdParty/FreeRTOS" -I"/home/wyatt/Desktop/Mastering_RTOS/Workspace/RTOS_workspace/001Tasks/ThirdParty/FreeRTOS/include" -I"/home/wyatt/Desktop/Mastering_RTOS/Workspace/RTOS_workspace/001Tasks/ThirdParty/FreeRTOS/portable/GCC/ARM_CM4F" -I../Drivers/STM32F4xx_HAL_Driver/Inc -I../Drivers/STM32F4xx_HAL_Driver/Inc/Legacy -I../Drivers/CMSIS/Device/ST/STM32F4xx/Include -I../Drivers/CMSIS/Include -O0 -ffunction-sections -fdata-sections -Wall -fstack-usage -fcyclomatic-complexity -MMD -MP -MF"ThirdParty/SEGGER/Config/SEGGER_SYSVIEW_Config_FreeRTOS.d" -MT"ThirdParty/SEGGER/Config/SEGGER_SYSVIEW_Config_FreeRTOS.o" --specs=nano.specs -mfpu=fpv4-sp-d16 -mfloat-abi=hard -mthumb -o "ThirdParty/SEGGER/Config/SEGGER_SYSVIEW_Config_FreeRTOS.o"
arm-none-eabi-gcc "../ThirdParty/FreeRTOS/portable/MemMang/heap_4.c" -mcpu=cortex-m4 -std=gnu11 -g3 -DDEBUG -DUSE_HAL_DRIVER -DSTM32F446xx -c -I../Core/Inc -I"/home/wyatt/Desktop/Mastering_RTOS/Workspace/RTOS_workspace/001Tasks/ThirdParty/SEGGER/Config" -I"/home/wyatt/Desktop/Mastering_RTOS/Workspace/RTOS_workspace/001Tasks/ThirdParty/SEGGER/OS" -I"/home/wyatt/Desktop/Mastering_RTOS/Workspace/RTOS_workspace/001Tasks/ThirdParty/SEGGER/SEGGER" -I"/home/wyatt/Desktop/Mastering_RTOS/Workspace/RTOS_workspace/001Tasks/ThirdParty/FreeRTOS" -I"/home/wyatt/Desktop/Mastering_RTOS/Workspace/RTOS_workspace/001Tasks/ThirdParty/FreeRTOS/include" -I"/home/wyatt/Desktop/Mastering_RTOS/Workspace/RTOS_workspace/001Tasks/ThirdParty/FreeRTOS/portable/GCC/ARM_CM4F" -I../Drivers/STM32F4xx_HAL_Driver/Inc -I../Drivers/STM32F4xx_HAL_Driver/Inc/Legacy -I../Drivers/CMSIS/Device/ST/STM32F4xx/Include -I../Drivers/CMSIS/Include -O0 -ffunction-sections -fdata-sections -Wall -fstack-usage -fcyclomatic-complexity -MMD -MP -MF"ThirdParty/FreeRTOS/portable/MemMang/heap_4.d" -MT"ThirdParty/FreeRTOS/portable/MemMang/heap_4.o" --specs=nano.specs -mfpu=fpv4-sp-d16 -mfloat-abi=hard -mthumb -o "ThirdParty/FreeRTOS/portable/MemMang/heap_4.o"
arm-none-eabi-gcc "../ThirdParty/FreeRTOS/portable/GCC/ARM_CM4F/port.c" -mcpu=cortex-m4 -std=gnu11 -g3 -DDEBUG -DUSE_HAL_DRIVER -DSTM32F446xx -c -I../Core/Inc -I"/home/wyatt/Desktop/Mastering_RTOS/Workspace/RTOS_workspace/001Tasks/ThirdParty/SEGGER/Config" -I"/home/wyatt/Desktop/Mastering_RTOS/Workspace/RTOS_workspace/001Tasks/ThirdParty/SEGGER/OS" -I"/home/wyatt/Desktop/Mastering_RTOS/Workspace/RTOS_workspace/001Tasks/ThirdParty/SEGGER/SEGGER" -I"/home/wyatt/Desktop/Mastering_RTOS/Workspace/RTOS_workspace/001Tasks/ThirdParty/FreeRTOS" -I"/home/wyatt/Desktop/Mastering_RTOS/Workspace/RTOS_workspace/001Tasks/ThirdParty/FreeRTOS/include" -I"/home/wyatt/Desktop/Mastering_RTOS/Workspace/RTOS_workspace/001Tasks/ThirdParty/FreeRTOS/portable/GCC/ARM_CM4F" -I../Drivers/STM32F4xx_HAL_Driver/Inc -I../Drivers/STM32F4xx_HAL_Driver/Inc/Legacy -I../Drivers/CMSIS/Device/ST/STM32F4xx/Include -I../Drivers/CMSIS/Include -O0 -ffunction-sections -fdata-sections -Wall -fstack-usage -fcyclomatic-complexity -MMD -MP -MF"ThirdParty/FreeRTOS/portable/GCC/ARM_CM4F/port.d" -MT"ThirdParty/FreeRTOS/portable/GCC/ARM_CM4F/port.o" --specs=nano.specs -mfpu=fpv4-sp-d16 -mfloat-abi=hard -mthumb -o "ThirdParty/FreeRTOS/portable/GCC/ARM_CM4F/port.o"
arm-none-eabi-gcc "../ThirdParty/FreeRTOS/croutine.c" -mcpu=cortex-m4 -std=gnu11 -g3 -DDEBUG -DUSE_HAL_DRIVER -DSTM32F446xx -c -I../Core/Inc -I"/home/wyatt/Desktop/Mastering_RTOS/Workspace/RTOS_workspace/001Tasks/ThirdParty/SEGGER/Config" -I"/home/wyatt/Desktop/Mastering_RTOS/Workspace/RTOS_workspace/001Tasks/ThirdParty/SEGGER/OS" -I"/home/wyatt/Desktop/Mastering_RTOS/Workspace/RTOS_workspace/001Tasks/ThirdParty/SEGGER/SEGGER" -I"/home/wyatt/Desktop/Mastering_RTOS/Workspace/RTOS_workspace/001Tasks/ThirdParty/FreeRTOS" -I"/home/wyatt/Desktop/Mastering_RTOS/Workspace/RTOS_workspace/001Tasks/ThirdParty/FreeRTOS/include" -I"/home/wyatt/Desktop/Mastering_RTOS/Workspace/RTOS_workspace/001Tasks/ThirdParty/FreeRTOS/portable/GCC/ARM_CM4F" -I../Drivers/STM32F4xx_HAL_Driver/Inc -I../Drivers/STM32F4xx_HAL_Driver/Inc/Legacy -I../Drivers/CMSIS/Device/ST/STM32F4xx/Include -I../Drivers/CMSIS/Include -O0 -ffunction-sections -fdata-sections -Wall -fstack-usage -fcyclomatic-complexity -MMD -MP -MF"ThirdParty/FreeRTOS/croutine.d" -MT"ThirdParty/FreeRTOS/croutine.o" --specs=nano.specs -mfpu=fpv4-sp-d16 -mfloat-abi=hard -mthumb -o "ThirdParty/FreeRTOS/croutine.o"
arm-none-eabi-gcc "../ThirdParty/FreeRTOS/event_groups.c" -mcpu=cortex-m4 -std=gnu11 -g3 -DDEBUG -DUSE_HAL_DRIVER -DSTM32F446xx -c -I../Core/Inc -I"/home/wyatt/Desktop/Mastering_RTOS/Workspace/RTOS_workspace/001Tasks/ThirdParty/SEGGER/Config" -I"/home/wyatt/Desktop/Mastering_RTOS/Workspace/RTOS_workspace/001Tasks/ThirdParty/SEGGER/OS" -I"/home/wyatt/Desktop/Mastering_RTOS/Workspace/RTOS_workspace/001Tasks/ThirdParty/SEGGER/SEGGER" -I"/home/wyatt/Desktop/Mastering_RTOS/Workspace/RTOS_workspace/001Tasks/ThirdParty/FreeRTOS" -I"/home/wyatt/Desktop/Mastering_RTOS/Workspace/RTOS_workspace/001Tasks/ThirdParty/FreeRTOS/include" -I"/home/wyatt/Desktop/Mastering_RTOS/Workspace/RTOS_workspace/001Tasks/ThirdParty/FreeRTOS/portable/GCC/ARM_CM4F" -I../Drivers/STM32F4xx_HAL_Driver/Inc -I../Drivers/STM32F4xx_HAL_Driver/Inc/Legacy -I../Drivers/CMSIS/Device/ST/STM32F4xx/Include -I../Drivers/CMSIS/Include -O0 -ffunction-sections -fdata-sections -Wall -fstack-usage -fcyclomatic-complexity -MMD -MP -MF"ThirdParty/FreeRTOS/event_groups.d" -MT"ThirdParty/FreeRTOS/event_groups.o" --specs=nano.specs -mfpu=fpv4-sp-d16 -mfloat-abi=hard -mthumb -o "ThirdParty/FreeRTOS/event_groups.o"
arm-none-eabi-gcc "../ThirdParty/FreeRTOS/list.c" -mcpu=cortex-m4 -std=gnu11 -g3 -DDEBUG -DUSE_HAL_DRIVER -DSTM32F446xx -c -I../Core/Inc -I"/home/wyatt/Desktop/Mastering_RTOS/Workspace/RTOS_workspace/001Tasks/ThirdParty/SEGGER/Config" -I"/home/wyatt/Desktop/Mastering_RTOS/Workspace/RTOS_workspace/001Tasks/ThirdParty/SEGGER/OS" -I"/home/wyatt/Desktop/Mastering_RTOS/Workspace/RTOS_workspace/001Tasks/ThirdParty/SEGGER/SEGGER" -I"/home/wyatt/Desktop/Mastering_RTOS/Workspace/RTOS_workspace/001Tasks/ThirdParty/FreeRTOS" -I"/home/wyatt/Desktop/Mastering_RTOS/Workspace/RTOS_workspace/001Tasks/ThirdParty/FreeRTOS/include" -I"/home/wyatt/Desktop/Mastering_RTOS/Workspace/RTOS_workspace/001Tasks/ThirdParty/FreeRTOS/portable/GCC/ARM_CM4F" -I../Drivers/STM32F4xx_HAL_Driver/Inc -I../Drivers/STM32F4xx_HAL_Driver/Inc/Legacy -I../Drivers/CMSIS/Device/ST/STM32F4xx/Include -I../Drivers/CMSIS/Include -O0 -ffunction-sections -fdata-sections -Wall -fstack-usage -fcyclomatic-complexity -MMD -MP -MF"ThirdParty/FreeRTOS/list.d" -MT"ThirdParty/FreeRTOS/list.o" --specs=nano.specs -mfpu=fpv4-sp-d16 -mfloat-abi=hard -mthumb -o "ThirdParty/FreeRTOS/list.o"
In file included from ../ThirdParty/SEGGER/SEGGER/SEGGER_RTT_ASM_ARMv7M.S:18:
../ThirdParty/SEGGER/SEGGER/SEGGER_RTT.h:60:10: fatal error: SEGGER_RTT_Conf.h: No such file or directory
   60 | #include "SEGGER_RTT_Conf.h"
      |          ^~~~~~~~~~~~~~~~~~~
compilation terminated.
make: *** [ThirdParty/SEGGER/SEGGER/subdir.mk:34: ThirdParty/SEGGER/SEGGER/SEGGER_RTT_ASM_ARMv7M.o] Error 1
make: *** Waiting for unfinished jobs....
"make -j12 all" terminated with exit code 2. Build might be incomplete.
18:37:56 **** Incremental Build of configuration Debug for project 001Tasks ****
make -j12 all 
arm-none-eabi-gcc "../ThirdParty/SEGGER/SEGGER/SEGGER_RTT.c" -mcpu=cortex-m4 -std=gnu11 -g3 -DDEBUG -DUSE_HAL_DRIVER -DSTM32F446xx -c -I../Core/Inc -I"/home/wyatt/Desktop/Mastering_RTOS/Workspace/RTOS_workspace/001Tasks/ThirdParty/SEGGER/Config" -I"/home/wyatt/Desktop/Mastering_RTOS/Workspace/RTOS_workspace/001Tasks/ThirdParty/SEGGER/OS" -I"/home/wyatt/Desktop/Mastering_RTOS/Workspace/RTOS_workspace/001Tasks/ThirdParty/SEGGER/SEGGER" -I"/home/wyatt/Desktop/Mastering_RTOS/Workspace/RTOS_workspace/001Tasks/ThirdParty/FreeRTOS" -I"/home/wyatt/Desktop/Mastering_RTOS/Workspace/RTOS_workspace/001Tasks/ThirdParty/FreeRTOS/include" -I"/home/wyatt/Desktop/Mastering_RTOS/Workspace/RTOS_workspace/001Tasks/ThirdParty/FreeRTOS/portable/GCC/ARM_CM4F" -I../Drivers/STM32F4xx_HAL_Driver/Inc -I../Drivers/STM32F4xx_HAL_Driver/Inc/Legacy -I../Drivers/CMSIS/Device/ST/STM32F4xx/Include -I../Drivers/CMSIS/Include -O0 -ffunction-sections -fdata-sections -Wall -fstack-usage -fcyclomatic-complexity -MMD -MP -MF"ThirdParty/SEGGER/SEGGER/SEGGER_RTT.d" -MT"ThirdParty/SEGGER/SEGGER/SEGGER_RTT.o" --specs=nano.specs -mfpu=fpv4-sp-d16 -mfloat-abi=hard -mthumb -o "ThirdParty/SEGGER/SEGGER/SEGGER_RTT.o"
arm-none-eabi-gcc -mcpu=cortex-m4 -g3 -DDEBUG -c -I"/home/wyatt/Desktop/Mastering_RTOS/Workspace/RTOS_workspace/001Tasks/ThirdParty/SEGGER/Config" -x assembler-with-cpp -MMD -MP -MF"ThirdParty/SEGGER/SEGGER/SEGGER_RTT_ASM_ARMv7M.d" -MT"ThirdParty/SEGGER/SEGGER/SEGGER_RTT_ASM_ARMv7M.o" --specs=nano.specs -mfpu=fpv4-sp-d16 -mfloat-abi=hard -mthumb -o "ThirdParty/SEGGER/SEGGER/SEGGER_RTT_ASM_ARMv7M.o" "../ThirdParty/SEGGER/SEGGER/SEGGER_RTT_ASM_ARMv7M.S"
arm-none-eabi-gcc "../ThirdParty/SEGGER/SEGGER/SEGGER_RTT_printf.c" -mcpu=cortex-m4 -std=gnu11 -g3 -DDEBUG -DUSE_HAL_DRIVER -DSTM32F446xx -c -I../Core/Inc -I"/home/wyatt/Desktop/Mastering_RTOS/Workspace/RTOS_workspace/001Tasks/ThirdParty/SEGGER/Config" -I"/home/wyatt/Desktop/Mastering_RTOS/Workspace/RTOS_workspace/001Tasks/ThirdParty/SEGGER/OS" -I"/home/wyatt/Desktop/Mastering_RTOS/Workspace/RTOS_workspace/001Tasks/ThirdParty/SEGGER/SEGGER" -I"/home/wyatt/Desktop/Mastering_RTOS/Workspace/RTOS_workspace/001Tasks/ThirdParty/FreeRTOS" -I"/home/wyatt/Desktop/Mastering_RTOS/Workspace/RTOS_workspace/001Tasks/ThirdParty/FreeRTOS/include" -I"/home/wyatt/Desktop/Mastering_RTOS/Workspace/RTOS_workspace/001Tasks/ThirdParty/FreeRTOS/portable/GCC/ARM_CM4F" -I../Drivers/STM32F4xx_HAL_Driver/Inc -I../Drivers/STM32F4xx_HAL_Driver/Inc/Legacy -I../Drivers/CMSIS/Device/ST/STM32F4xx/Include -I../Drivers/CMSIS/Include -O0 -ffunction-sections -fdata-sections -Wall -fstack-usage -fcyclomatic-complexity -MMD -MP -MF"ThirdParty/SEGGER/SEGGER/SEGGER_RTT_printf.d" -MT"ThirdParty/SEGGER/SEGGER/SEGGER_RTT_printf.o" --specs=nano.specs -mfpu=fpv4-sp-d16 -mfloat-abi=hard -mthumb -o "ThirdParty/SEGGER/SEGGER/SEGGER_RTT_printf.o"
arm-none-eabi-gcc "../ThirdParty/SEGGER/SEGGER/SEGGER_SYSVIEW.c" -mcpu=cortex-m4 -std=gnu11 -g3 -DDEBUG -DUSE_HAL_DRIVER -DSTM32F446xx -c -I../Core/Inc -I"/home/wyatt/Desktop/Mastering_RTOS/Workspace/RTOS_workspace/001Tasks/ThirdParty/SEGGER/Config" -I"/home/wyatt/Desktop/Mastering_RTOS/Workspace/RTOS_workspace/001Tasks/ThirdParty/SEGGER/OS" -I"/home/wyatt/Desktop/Mastering_RTOS/Workspace/RTOS_workspace/001Tasks/ThirdParty/SEGGER/SEGGER" -I"/home/wyatt/Desktop/Mastering_RTOS/Workspace/RTOS_workspace/001Tasks/ThirdParty/FreeRTOS" -I"/home/wyatt/Desktop/Mastering_RTOS/Workspace/RTOS_workspace/001Tasks/ThirdParty/FreeRTOS/include" -I"/home/wyatt/Desktop/Mastering_RTOS/Workspace/RTOS_workspace/001Tasks/ThirdParty/FreeRTOS/portable/GCC/ARM_CM4F" -I../Drivers/STM32F4xx_HAL_Driver/Inc -I../Drivers/STM32F4xx_HAL_Driver/Inc/Legacy -I../Drivers/CMSIS/Device/ST/STM32F4xx/Include -I../Drivers/CMSIS/Include -O0 -ffunction-sections -fdata-sections -Wall -fstack-usage -fcyclomatic-complexity -MMD -MP -MF"ThirdParty/SEGGER/SEGGER/SEGGER_SYSVIEW.d" -MT"ThirdParty/SEGGER/SEGGER/SEGGER_SYSVIEW.o" --specs=nano.specs -mfpu=fpv4-sp-d16 -mfloat-abi=hard -mthumb -o "ThirdParty/SEGGER/SEGGER/SEGGER_SYSVIEW.o"
arm-none-eabi-gcc "../ThirdParty/FreeRTOS/queue.c" -mcpu=cortex-m4 -std=gnu11 -g3 -DDEBUG -DUSE_HAL_DRIVER -DSTM32F446xx -c -I../Core/Inc -I"/home/wyatt/Desktop/Mastering_RTOS/Workspace/RTOS_workspace/001Tasks/ThirdParty/SEGGER/Config" -I"/home/wyatt/Desktop/Mastering_RTOS/Workspace/RTOS_workspace/001Tasks/ThirdParty/SEGGER/OS" -I"/home/wyatt/Desktop/Mastering_RTOS/Workspace/RTOS_workspace/001Tasks/ThirdParty/SEGGER/SEGGER" -I"/home/wyatt/Desktop/Mastering_RTOS/Workspace/RTOS_workspace/001Tasks/ThirdParty/FreeRTOS" -I"/home/wyatt/Desktop/Mastering_RTOS/Workspace/RTOS_workspace/001Tasks/ThirdParty/FreeRTOS/include" -I"/home/wyatt/Desktop/Mastering_RTOS/Workspace/RTOS_workspace/001Tasks/ThirdParty/FreeRTOS/portable/GCC/ARM_CM4F" -I../Drivers/STM32F4xx_HAL_Driver/Inc -I../Drivers/STM32F4xx_HAL_Driver/Inc/Legacy -I../Drivers/CMSIS/Device/ST/STM32F4xx/Include -I../Drivers/CMSIS/Include -O0 -ffunction-sections -fdata-sections -Wall -fstack-usage -fcyclomatic-complexity -MMD -MP -MF"ThirdParty/FreeRTOS/queue.d" -MT"ThirdParty/FreeRTOS/queue.o" --specs=nano.specs -mfpu=fpv4-sp-d16 -mfloat-abi=hard -mthumb -o "ThirdParty/FreeRTOS/queue.o"
arm-none-eabi-gcc "../ThirdParty/FreeRTOS/stream_buffer.c" -mcpu=cortex-m4 -std=gnu11 -g3 -DDEBUG -DUSE_HAL_DRIVER -DSTM32F446xx -c -I../Core/Inc -I"/home/wyatt/Desktop/Mastering_RTOS/Workspace/RTOS_workspace/001Tasks/ThirdParty/SEGGER/Config" -I"/home/wyatt/Desktop/Mastering_RTOS/Workspace/RTOS_workspace/001Tasks/ThirdParty/SEGGER/OS" -I"/home/wyatt/Desktop/Mastering_RTOS/Workspace/RTOS_workspace/001Tasks/ThirdParty/SEGGER/SEGGER" -I"/home/wyatt/Desktop/Mastering_RTOS/Workspace/RTOS_workspace/001Tasks/ThirdParty/FreeRTOS" -I"/home/wyatt/Desktop/Mastering_RTOS/Workspace/RTOS_workspace/001Tasks/ThirdParty/FreeRTOS/include" -I"/home/wyatt/Desktop/Mastering_RTOS/Workspace/RTOS_workspace/001Tasks/ThirdParty/FreeRTOS/portable/GCC/ARM_CM4F" -I../Drivers/STM32F4xx_HAL_Driver/Inc -I../Drivers/STM32F4xx_HAL_Driver/Inc/Legacy -I../Drivers/CMSIS/Device/ST/STM32F4xx/Include -I../Drivers/CMSIS/Include -O0 -ffunction-sections -fdata-sections -Wall -fstack-usage -fcyclomatic-complexity -MMD -MP -MF"ThirdParty/FreeRTOS/stream_buffer.d" -MT"ThirdParty/FreeRTOS/stream_buffer.o" --specs=nano.specs -mfpu=fpv4-sp-d16 -mfloat-abi=hard -mthumb -o "ThirdParty/FreeRTOS/stream_buffer.o"
arm-none-eabi-gcc "../ThirdParty/FreeRTOS/tasks.c" -mcpu=cortex-m4 -std=gnu11 -g3 -DDEBUG -DUSE_HAL_DRIVER -DSTM32F446xx -c -I../Core/Inc -I"/home/wyatt/Desktop/Mastering_RTOS/Workspace/RTOS_workspace/001Tasks/ThirdParty/SEGGER/Config" -I"/home/wyatt/Desktop/Mastering_RTOS/Workspace/RTOS_workspace/001Tasks/ThirdParty/SEGGER/OS" -I"/home/wyatt/Desktop/Mastering_RTOS/Workspace/RTOS_workspace/001Tasks/ThirdParty/SEGGER/SEGGER" -I"/home/wyatt/Desktop/Mastering_RTOS/Workspace/RTOS_workspace/001Tasks/ThirdParty/FreeRTOS" -I"/home/wyatt/Desktop/Mastering_RTOS/Workspace/RTOS_workspace/001Tasks/ThirdParty/FreeRTOS/include" -I"/home/wyatt/Desktop/Mastering_RTOS/Workspace/RTOS_workspace/001Tasks/ThirdParty/FreeRTOS/portable/GCC/ARM_CM4F" -I../Drivers/STM32F4xx_HAL_Driver/Inc -I../Drivers/STM32F4xx_HAL_Driver/Inc/Legacy -I../Drivers/CMSIS/Device/ST/STM32F4xx/Include -I../Drivers/CMSIS/Include -O0 -ffunction-sections -fdata-sections -Wall -fstack-usage -fcyclomatic-complexity -MMD -MP -MF"ThirdParty/FreeRTOS/tasks.d" -MT"ThirdParty/FreeRTOS/tasks.o" --specs=nano.specs -mfpu=fpv4-sp-d16 -mfloat-abi=hard -mthumb -o "ThirdParty/FreeRTOS/tasks.o"
arm-none-eabi-gcc "../ThirdParty/FreeRTOS/timers.c" -mcpu=cortex-m4 -std=gnu11 -g3 -DDEBUG -DUSE_HAL_DRIVER -DSTM32F446xx -c -I../Core/Inc -I"/home/wyatt/Desktop/Mastering_RTOS/Workspace/RTOS_workspace/001Tasks/ThirdParty/SEGGER/Config" -I"/home/wyatt/Desktop/Mastering_RTOS/Workspace/RTOS_workspace/001Tasks/ThirdParty/SEGGER/OS" -I"/home/wyatt/Desktop/Mastering_RTOS/Workspace/RTOS_workspace/001Tasks/ThirdParty/SEGGER/SEGGER" -I"/home/wyatt/Desktop/Mastering_RTOS/Workspace/RTOS_workspace/001Tasks/ThirdParty/FreeRTOS" -I"/home/wyatt/Desktop/Mastering_RTOS/Workspace/RTOS_workspace/001Tasks/ThirdParty/FreeRTOS/include" -I"/home/wyatt/Desktop/Mastering_RTOS/Workspace/RTOS_workspace/001Tasks/ThirdParty/FreeRTOS/portable/GCC/ARM_CM4F" -I../Drivers/STM32F4xx_HAL_Driver/Inc -I../Drivers/STM32F4xx_HAL_Driver/Inc/Legacy -I../Drivers/CMSIS/Device/ST/STM32F4xx/Include -I../Drivers/CMSIS/Include -O0 -ffunction-sections -fdata-sections -Wall -fstack-usage -fcyclomatic-complexity -MMD -MP -MF"ThirdParty/FreeRTOS/timers.d" -MT"ThirdParty/FreeRTOS/timers.o" --specs=nano.specs -mfpu=fpv4-sp-d16 -mfloat-abi=hard -mthumb -o "ThirdParty/FreeRTOS/timers.o"
arm-none-eabi-gcc "../Drivers/STM32F4xx_HAL_Driver/Src/stm32f4xx_hal.c" -mcpu=cortex-m4 -std=gnu11 -g3 -DDEBUG -DUSE_HAL_DRIVER -DSTM32F446xx -c -I../Core/Inc -I"/home/wyatt/Desktop/Mastering_RTOS/Workspace/RTOS_workspace/001Tasks/ThirdParty/SEGGER/Config" -I"/home/wyatt/Desktop/Mastering_RTOS/Workspace/RTOS_workspace/001Tasks/ThirdParty/SEGGER/OS" -I"/home/wyatt/Desktop/Mastering_RTOS/Workspace/RTOS_workspace/001Tasks/ThirdParty/SEGGER/SEGGER" -I"/home/wyatt/Desktop/Mastering_RTOS/Workspace/RTOS_workspace/001Tasks/ThirdParty/FreeRTOS" -I"/home/wyatt/Desktop/Mastering_RTOS/Workspace/RTOS_workspace/001Tasks/ThirdParty/FreeRTOS/include" -I"/home/wyatt/Desktop/Mastering_RTOS/Workspace/RTOS_workspace/001Tasks/ThirdParty/FreeRTOS/portable/GCC/ARM_CM4F" -I../Drivers/STM32F4xx_HAL_Driver/Inc -I../Drivers/STM32F4xx_HAL_Driver/Inc/Legacy -I../Drivers/CMSIS/Device/ST/STM32F4xx/Include -I../Drivers/CMSIS/Include -O0 -ffunction-sections -fdata-sections -Wall -fstack-usage -fcyclomatic-complexity -MMD -MP -MF"Drivers/STM32F4xx_HAL_Driver/Src/stm32f4xx_hal.d" -MT"Drivers/STM32F4xx_HAL_Driver/Src/stm32f4xx_hal.o" --specs=nano.specs -mfpu=fpv4-sp-d16 -mfloat-abi=hard -mthumb -o "Drivers/STM32F4xx_HAL_Driver/Src/stm32f4xx_hal.o"
arm-none-eabi-gcc "../Drivers/STM32F4xx_HAL_Driver/Src/stm32f4xx_hal_cortex.c" -mcpu=cortex-m4 -std=gnu11 -g3 -DDEBUG -DUSE_HAL_DRIVER -DSTM32F446xx -c -I../Core/Inc -I"/home/wyatt/Desktop/Mastering_RTOS/Workspace/RTOS_workspace/001Tasks/ThirdParty/SEGGER/Config" -I"/home/wyatt/Desktop/Mastering_RTOS/Workspace/RTOS_workspace/001Tasks/ThirdParty/SEGGER/OS" -I"/home/wyatt/Desktop/Mastering_RTOS/Workspace/RTOS_workspace/001Tasks/ThirdParty/SEGGER/SEGGER" -I"/home/wyatt/Desktop/Mastering_RTOS/Workspace/RTOS_workspace/001Tasks/ThirdParty/FreeRTOS" -I"/home/wyatt/Desktop/Mastering_RTOS/Workspace/RTOS_workspace/001Tasks/ThirdParty/FreeRTOS/include" -I"/home/wyatt/Desktop/Mastering_RTOS/Workspace/RTOS_workspace/001Tasks/ThirdParty/FreeRTOS/portable/GCC/ARM_CM4F" -I../Drivers/STM32F4xx_HAL_Driver/Inc -I../Drivers/STM32F4xx_HAL_Driver/Inc/Legacy -I../Drivers/CMSIS/Device/ST/STM32F4xx/Include -I../Drivers/CMSIS/Include -O0 -ffunction-sections -fdata-sections -Wall -fstack-usage -fcyclomatic-complexity -MMD -MP -MF"Drivers/STM32F4xx_HAL_Driver/Src/stm32f4xx_hal_cortex.d" -MT"Drivers/STM32F4xx_HAL_Driver/Src/stm32f4xx_hal_cortex.o" --specs=nano.specs -mfpu=fpv4-sp-d16 -mfloat-abi=hard -mthumb -o "Drivers/STM32F4xx_HAL_Driver/Src/stm32f4xx_hal_cortex.o"
arm-none-eabi-gcc "../Drivers/STM32F4xx_HAL_Driver/Src/stm32f4xx_hal_dma.c" -mcpu=cortex-m4 -std=gnu11 -g3 -DDEBUG -DUSE_HAL_DRIVER -DSTM32F446xx -c -I../Core/Inc -I"/home/wyatt/Desktop/Mastering_RTOS/Workspace/RTOS_workspace/001Tasks/ThirdParty/SEGGER/Config" -I"/home/wyatt/Desktop/Mastering_RTOS/Workspace/RTOS_workspace/001Tasks/ThirdParty/SEGGER/OS" -I"/home/wyatt/Desktop/Mastering_RTOS/Workspace/RTOS_workspace/001Tasks/ThirdParty/SEGGER/SEGGER" -I"/home/wyatt/Desktop/Mastering_RTOS/Workspace/RTOS_workspace/001Tasks/ThirdParty/FreeRTOS" -I"/home/wyatt/Desktop/Mastering_RTOS/Workspace/RTOS_workspace/001Tasks/ThirdParty/FreeRTOS/include" -I"/home/wyatt/Desktop/Mastering_RTOS/Workspace/RTOS_workspace/001Tasks/ThirdParty/FreeRTOS/portable/GCC/ARM_CM4F" -I../Drivers/STM32F4xx_HAL_Driver/Inc -I../Drivers/STM32F4xx_HAL_Driver/Inc/Legacy -I../Drivers/CMSIS/Device/ST/STM32F4xx/Include -I../Drivers/CMSIS/Include -O0 -ffunction-sections -fdata-sections -Wall -fstack-usage -fcyclomatic-complexity -MMD -MP -MF"Drivers/STM32F4xx_HAL_Driver/Src/stm32f4xx_hal_dma.d" -MT"Drivers/STM32F4xx_HAL_Driver/Src/stm32f4xx_hal_dma.o" --specs=nano.specs -mfpu=fpv4-sp-d16 -mfloat-abi=hard -mthumb -o "Drivers/STM32F4xx_HAL_Driver/Src/stm32f4xx_hal_dma.o"
arm-none-eabi-gcc "../Drivers/STM32F4xx_HAL_Driver/Src/stm32f4xx_hal_dma_ex.c" -mcpu=cortex-m4 -std=gnu11 -g3 -DDEBUG -DUSE_HAL_DRIVER -DSTM32F446xx -c -I../Core/Inc -I"/home/wyatt/Desktop/Mastering_RTOS/Workspace/RTOS_workspace/001Tasks/ThirdParty/SEGGER/Config" -I"/home/wyatt/Desktop/Mastering_RTOS/Workspace/RTOS_workspace/001Tasks/ThirdParty/SEGGER/OS" -I"/home/wyatt/Desktop/Mastering_RTOS/Workspace/RTOS_workspace/001Tasks/ThirdParty/SEGGER/SEGGER" -I"/home/wyatt/Desktop/Mastering_RTOS/Workspace/RTOS_workspace/001Tasks/ThirdParty/FreeRTOS" -I"/home/wyatt/Desktop/Mastering_RTOS/Workspace/RTOS_workspace/001Tasks/ThirdParty/FreeRTOS/include" -I"/home/wyatt/Desktop/Mastering_RTOS/Workspace/RTOS_workspace/001Tasks/ThirdParty/FreeRTOS/portable/GCC/ARM_CM4F" -I../Drivers/STM32F4xx_HAL_Driver/Inc -I../Drivers/STM32F4xx_HAL_Driver/Inc/Legacy -I../Drivers/CMSIS/Device/ST/STM32F4xx/Include -I../Drivers/CMSIS/Include -O0 -ffunction-sections -fdata-sections -Wall -fstack-usage -fcyclomatic-complexity -MMD -MP -MF"Drivers/STM32F4xx_HAL_Driver/Src/stm32f4xx_hal_dma_ex.d" -MT"Drivers/STM32F4xx_HAL_Driver/Src/stm32f4xx_hal_dma_ex.o" --specs=nano.specs -mfpu=fpv4-sp-d16 -mfloat-abi=hard -mthumb -o "Drivers/STM32F4xx_HAL_Driver/Src/stm32f4xx_hal_dma_ex.o"
arm-none-eabi-gcc "../Drivers/STM32F4xx_HAL_Driver/Src/stm32f4xx_hal_exti.c" -mcpu=cortex-m4 -std=gnu11 -g3 -DDEBUG -DUSE_HAL_DRIVER -DSTM32F446xx -c -I../Core/Inc -I"/home/wyatt/Desktop/Mastering_RTOS/Workspace/RTOS_workspace/001Tasks/ThirdParty/SEGGER/Config" -I"/home/wyatt/Desktop/Mastering_RTOS/Workspace/RTOS_workspace/001Tasks/ThirdParty/SEGGER/OS" -I"/home/wyatt/Desktop/Mastering_RTOS/Workspace/RTOS_workspace/001Tasks/ThirdParty/SEGGER/SEGGER" -I"/home/wyatt/Desktop/Mastering_RTOS/Workspace/RTOS_workspace/001Tasks/ThirdParty/FreeRTOS" -I"/home/wyatt/Desktop/Mastering_RTOS/Workspace/RTOS_workspace/001Tasks/ThirdParty/FreeRTOS/include" -I"/home/wyatt/Desktop/Mastering_RTOS/Workspace/RTOS_workspace/001Tasks/ThirdParty/FreeRTOS/portable/GCC/ARM_CM4F" -I../Drivers/STM32F4xx_HAL_Driver/Inc -I../Drivers/STM32F4xx_HAL_Driver/Inc/Legacy -I../Drivers/CMSIS/Device/ST/STM32F4xx/Include -I../Drivers/CMSIS/Include -O0 -ffunction-sections -fdata-sections -Wall -fstack-usage -fcyclomatic-complexity -MMD -MP -MF"Drivers/STM32F4xx_HAL_Driver/Src/stm32f4xx_hal_exti.d" -MT"Drivers/STM32F4xx_HAL_Driver/Src/stm32f4xx_hal_exti.o" --specs=nano.specs -mfpu=fpv4-sp-d16 -mfloat-abi=hard -mthumb -o "Drivers/STM32F4xx_HAL_Driver/Src/stm32f4xx_hal_exti.o"
../ThirdParty/FreeRTOS/tasks.c: In function 'vTaskPrioritySet':
../ThirdParty/FreeRTOS/tasks.c:1644:41: warning: implicit declaration of function 'prvReaddTaskToReadyList'; did you mean 'prvAddTaskToReadyList'? [-Wimplicit-function-declaration]
 1644 |                                         prvReaddTaskToReadyList( pxTCB );
      |                                         ^~~~~~~~~~~~~~~~~~~~~~~
      |                                         prvAddTaskToReadyList
arm-none-eabi-gcc "../Drivers/STM32F4xx_HAL_Driver/Src/stm32f4xx_hal_flash.c" -mcpu=cortex-m4 -std=gnu11 -g3 -DDEBUG -DUSE_HAL_DRIVER -DSTM32F446xx -c -I../Core/Inc -I"/home/wyatt/Desktop/Mastering_RTOS/Workspace/RTOS_workspace/001Tasks/ThirdParty/SEGGER/Config" -I"/home/wyatt/Desktop/Mastering_RTOS/Workspace/RTOS_workspace/001Tasks/ThirdParty/SEGGER/OS" -I"/home/wyatt/Desktop/Mastering_RTOS/Workspace/RTOS_workspace/001Tasks/ThirdParty/SEGGER/SEGGER" -I"/home/wyatt/Desktop/Mastering_RTOS/Workspace/RTOS_workspace/001Tasks/ThirdParty/FreeRTOS" -I"/home/wyatt/Desktop/Mastering_RTOS/Workspace/RTOS_workspace/001Tasks/ThirdParty/FreeRTOS/include" -I"/home/wyatt/Desktop/Mastering_RTOS/Workspace/RTOS_workspace/001Tasks/ThirdParty/FreeRTOS/portable/GCC/ARM_CM4F" -I../Drivers/STM32F4xx_HAL_Driver/Inc -I../Drivers/STM32F4xx_HAL_Driver/Inc/Legacy -I../Drivers/CMSIS/Device/ST/STM32F4xx/Include -I../Drivers/CMSIS/Include -O0 -ffunction-sections -fdata-sections -Wall -fstack-usage -fcyclomatic-complexity -MMD -MP -MF"Drivers/STM32F4xx_HAL_Driver/Src/stm32f4xx_hal_flash.d" -MT"Drivers/STM32F4xx_HAL_Driver/Src/stm32f4xx_hal_flash.o" --specs=nano.specs -mfpu=fpv4-sp-d16 -mfloat-abi=hard -mthumb -o "Drivers/STM32F4xx_HAL_Driver/Src/stm32f4xx_hal_flash.o"
arm-none-eabi-gcc "../Drivers/STM32F4xx_HAL_Driver/Src/stm32f4xx_hal_flash_ex.c" -mcpu=cortex-m4 -std=gnu11 -g3 -DDEBUG -DUSE_HAL_DRIVER -DSTM32F446xx -c -I../Core/Inc -I"/home/wyatt/Desktop/Mastering_RTOS/Workspace/RTOS_workspace/001Tasks/ThirdParty/SEGGER/Config" -I"/home/wyatt/Desktop/Mastering_RTOS/Workspace/RTOS_workspace/001Tasks/ThirdParty/SEGGER/OS" -I"/home/wyatt/Desktop/Mastering_RTOS/Workspace/RTOS_workspace/001Tasks/ThirdParty/SEGGER/SEGGER" -I"/home/wyatt/Desktop/Mastering_RTOS/Workspace/RTOS_workspace/001Tasks/ThirdParty/FreeRTOS" -I"/home/wyatt/Desktop/Mastering_RTOS/Workspace/RTOS_workspace/001Tasks/ThirdParty/FreeRTOS/include" -I"/home/wyatt/Desktop/Mastering_RTOS/Workspace/RTOS_workspace/001Tasks/ThirdParty/FreeRTOS/portable/GCC/ARM_CM4F" -I../Drivers/STM32F4xx_HAL_Driver/Inc -I../Drivers/STM32F4xx_HAL_Driver/Inc/Legacy -I../Drivers/CMSIS/Device/ST/STM32F4xx/Include -I../Drivers/CMSIS/Include -O0 -ffunction-sections -fdata-sections -Wall -fstack-usage -fcyclomatic-complexity -MMD -MP -MF"Drivers/STM32F4xx_HAL_Driver/Src/stm32f4xx_hal_flash_ex.d" -MT"Drivers/STM32F4xx_HAL_Driver/Src/stm32f4xx_hal_flash_ex.o" --specs=nano.specs -mfpu=fpv4-sp-d16 -mfloat-abi=hard -mthumb -o "Drivers/STM32F4xx_HAL_Driver/Src/stm32f4xx_hal_flash_ex.o"
arm-none-eabi-gcc "../Drivers/STM32F4xx_HAL_Driver/Src/stm32f4xx_hal_flash_ramfunc.c" -mcpu=cortex-m4 -std=gnu11 -g3 -DDEBUG -DUSE_HAL_DRIVER -DSTM32F446xx -c -I../Core/Inc -I"/home/wyatt/Desktop/Mastering_RTOS/Workspace/RTOS_workspace/001Tasks/ThirdParty/SEGGER/Config" -I"/home/wyatt/Desktop/Mastering_RTOS/Workspace/RTOS_workspace/001Tasks/ThirdParty/SEGGER/OS" -I"/home/wyatt/Desktop/Mastering_RTOS/Workspace/RTOS_workspace/001Tasks/ThirdParty/SEGGER/SEGGER" -I"/home/wyatt/Desktop/Mastering_RTOS/Workspace/RTOS_workspace/001Tasks/ThirdParty/FreeRTOS" -I"/home/wyatt/Desktop/Mastering_RTOS/Workspace/RTOS_workspace/001Tasks/ThirdParty/FreeRTOS/include" -I"/home/wyatt/Desktop/Mastering_RTOS/Workspace/RTOS_workspace/001Tasks/ThirdParty/FreeRTOS/portable/GCC/ARM_CM4F" -I../Drivers/STM32F4xx_HAL_Driver/Inc -I../Drivers/STM32F4xx_HAL_Driver/Inc/Legacy -I../Drivers/CMSIS/Device/ST/STM32F4xx/Include -I../Drivers/CMSIS/Include -O0 -ffunction-sections -fdata-sections -Wall -fstack-usage -fcyclomatic-complexity -MMD -MP -MF"Drivers/STM32F4xx_HAL_Driver/Src/stm32f4xx_hal_flash_ramfunc.d" -MT"Drivers/STM32F4xx_HAL_Driver/Src/stm32f4xx_hal_flash_ramfunc.o" --specs=nano.specs -mfpu=fpv4-sp-d16 -mfloat-abi=hard -mthumb -o "Drivers/STM32F4xx_HAL_Driver/Src/stm32f4xx_hal_flash_ramfunc.o"
arm-none-eabi-gcc "../Drivers/STM32F4xx_HAL_Driver/Src/stm32f4xx_hal_gpio.c" -mcpu=cortex-m4 -std=gnu11 -g3 -DDEBUG -DUSE_HAL_DRIVER -DSTM32F446xx -c -I../Core/Inc -I"/home/wyatt/Desktop/Mastering_RTOS/Workspace/RTOS_workspace/001Tasks/ThirdParty/SEGGER/Config" -I"/home/wyatt/Desktop/Mastering_RTOS/Workspace/RTOS_workspace/001Tasks/ThirdParty/SEGGER/OS" -I"/home/wyatt/Desktop/Mastering_RTOS/Workspace/RTOS_workspace/001Tasks/ThirdParty/SEGGER/SEGGER" -I"/home/wyatt/Desktop/Mastering_RTOS/Workspace/RTOS_workspace/001Tasks/ThirdParty/FreeRTOS" -I"/home/wyatt/Desktop/Mastering_RTOS/Workspace/RTOS_workspace/001Tasks/ThirdParty/FreeRTOS/include" -I"/home/wyatt/Desktop/Mastering_RTOS/Workspace/RTOS_workspace/001Tasks/ThirdParty/FreeRTOS/portable/GCC/ARM_CM4F" -I../Drivers/STM32F4xx_HAL_Driver/Inc -I../Drivers/STM32F4xx_HAL_Driver/Inc/Legacy -I../Drivers/CMSIS/Device/ST/STM32F4xx/Include -I../Drivers/CMSIS/Include -O0 -ffunction-sections -fdata-sections -Wall -fstack-usage -fcyclomatic-complexity -MMD -MP -MF"Drivers/STM32F4xx_HAL_Driver/Src/stm32f4xx_hal_gpio.d" -MT"Drivers/STM32F4xx_HAL_Driver/Src/stm32f4xx_hal_gpio.o" --specs=nano.specs -mfpu=fpv4-sp-d16 -mfloat-abi=hard -mthumb -o "Drivers/STM32F4xx_HAL_Driver/Src/stm32f4xx_hal_gpio.o"
arm-none-eabi-gcc "../Drivers/STM32F4xx_HAL_Driver/Src/stm32f4xx_hal_pwr.c" -mcpu=cortex-m4 -std=gnu11 -g3 -DDEBUG -DUSE_HAL_DRIVER -DSTM32F446xx -c -I../Core/Inc -I"/home/wyatt/Desktop/Mastering_RTOS/Workspace/RTOS_workspace/001Tasks/ThirdParty/SEGGER/Config" -I"/home/wyatt/Desktop/Mastering_RTOS/Workspace/RTOS_workspace/001Tasks/ThirdParty/SEGGER/OS" -I"/home/wyatt/Desktop/Mastering_RTOS/Workspace/RTOS_workspace/001Tasks/ThirdParty/SEGGER/SEGGER" -I"/home/wyatt/Desktop/Mastering_RTOS/Workspace/RTOS_workspace/001Tasks/ThirdParty/FreeRTOS" -I"/home/wyatt/Desktop/Mastering_RTOS/Workspace/RTOS_workspace/001Tasks/ThirdParty/FreeRTOS/include" -I"/home/wyatt/Desktop/Mastering_RTOS/Workspace/RTOS_workspace/001Tasks/ThirdParty/FreeRTOS/portable/GCC/ARM_CM4F" -I../Drivers/STM32F4xx_HAL_Driver/Inc -I../Drivers/STM32F4xx_HAL_Driver/Inc/Legacy -I../Drivers/CMSIS/Device/ST/STM32F4xx/Include -I../Drivers/CMSIS/Include -O0 -ffunction-sections -fdata-sections -Wall -fstack-usage -fcyclomatic-complexity -MMD -MP -MF"Drivers/STM32F4xx_HAL_Driver/Src/stm32f4xx_hal_pwr.d" -MT"Drivers/STM32F4xx_HAL_Driver/Src/stm32f4xx_hal_pwr.o" --specs=nano.specs -mfpu=fpv4-sp-d16 -mfloat-abi=hard -mthumb -o "Drivers/STM32F4xx_HAL_Driver/Src/stm32f4xx_hal_pwr.o"
arm-none-eabi-gcc "../Drivers/STM32F4xx_HAL_Driver/Src/stm32f4xx_hal_pwr_ex.c" -mcpu=cortex-m4 -std=gnu11 -g3 -DDEBUG -DUSE_HAL_DRIVER -DSTM32F446xx -c -I../Core/Inc -I"/home/wyatt/Desktop/Mastering_RTOS/Workspace/RTOS_workspace/001Tasks/ThirdParty/SEGGER/Config" -I"/home/wyatt/Desktop/Mastering_RTOS/Workspace/RTOS_workspace/001Tasks/ThirdParty/SEGGER/OS" -I"/home/wyatt/Desktop/Mastering_RTOS/Workspace/RTOS_workspace/001Tasks/ThirdParty/SEGGER/SEGGER" -I"/home/wyatt/Desktop/Mastering_RTOS/Workspace/RTOS_workspace/001Tasks/ThirdParty/FreeRTOS" -I"/home/wyatt/Desktop/Mastering_RTOS/Workspace/RTOS_workspace/001Tasks/ThirdParty/FreeRTOS/include" -I"/home/wyatt/Desktop/Mastering_RTOS/Workspace/RTOS_workspace/001Tasks/ThirdParty/FreeRTOS/portable/GCC/ARM_CM4F" -I../Drivers/STM32F4xx_HAL_Driver/Inc -I../Drivers/STM32F4xx_HAL_Driver/Inc/Legacy -I../Drivers/CMSIS/Device/ST/STM32F4xx/Include -I../Drivers/CMSIS/Include -O0 -ffunction-sections -fdata-sections -Wall -fstack-usage -fcyclomatic-complexity -MMD -MP -MF"Drivers/STM32F4xx_HAL_Driver/Src/stm32f4xx_hal_pwr_ex.d" -MT"Drivers/STM32F4xx_HAL_Driver/Src/stm32f4xx_hal_pwr_ex.o" --specs=nano.specs -mfpu=fpv4-sp-d16 -mfloat-abi=hard -mthumb -o "Drivers/STM32F4xx_HAL_Driver/Src/stm32f4xx_hal_pwr_ex.o"
arm-none-eabi-gcc "../Drivers/STM32F4xx_HAL_Driver/Src/stm32f4xx_hal_rcc.c" -mcpu=cortex-m4 -std=gnu11 -g3 -DDEBUG -DUSE_HAL_DRIVER -DSTM32F446xx -c -I../Core/Inc -I"/home/wyatt/Desktop/Mastering_RTOS/Workspace/RTOS_workspace/001Tasks/ThirdParty/SEGGER/Config" -I"/home/wyatt/Desktop/Mastering_RTOS/Workspace/RTOS_workspace/001Tasks/ThirdParty/SEGGER/OS" -I"/home/wyatt/Desktop/Mastering_RTOS/Workspace/RTOS_workspace/001Tasks/ThirdParty/SEGGER/SEGGER" -I"/home/wyatt/Desktop/Mastering_RTOS/Workspace/RTOS_workspace/001Tasks/ThirdParty/FreeRTOS" -I"/home/wyatt/Desktop/Mastering_RTOS/Workspace/RTOS_workspace/001Tasks/ThirdParty/FreeRTOS/include" -I"/home/wyatt/Desktop/Mastering_RTOS/Workspace/RTOS_workspace/001Tasks/ThirdParty/FreeRTOS/portable/GCC/ARM_CM4F" -I../Drivers/STM32F4xx_HAL_Driver/Inc -I../Drivers/STM32F4xx_HAL_Driver/Inc/Legacy -I../Drivers/CMSIS/Device/ST/STM32F4xx/Include -I../Drivers/CMSIS/Include -O0 -ffunction-sections -fdata-sections -Wall -fstack-usage -fcyclomatic-complexity -MMD -MP -MF"Drivers/STM32F4xx_HAL_Driver/Src/stm32f4xx_hal_rcc.d" -MT"Drivers/STM32F4xx_HAL_Driver/Src/stm32f4xx_hal_rcc.o" --specs=nano.specs -mfpu=fpv4-sp-d16 -mfloat-abi=hard -mthumb -o "Drivers/STM32F4xx_HAL_Driver/Src/stm32f4xx_hal_rcc.o"
arm-none-eabi-gcc "../Drivers/STM32F4xx_HAL_Driver/Src/stm32f4xx_hal_rcc_ex.c" -mcpu=cortex-m4 -std=gnu11 -g3 -DDEBUG -DUSE_HAL_DRIVER -DSTM32F446xx -c -I../Core/Inc -I"/home/wyatt/Desktop/Mastering_RTOS/Workspace/RTOS_workspace/001Tasks/ThirdParty/SEGGER/Config" -I"/home/wyatt/Desktop/Mastering_RTOS/Workspace/RTOS_workspace/001Tasks/ThirdParty/SEGGER/OS" -I"/home/wyatt/Desktop/Mastering_RTOS/Workspace/RTOS_workspace/001Tasks/ThirdParty/SEGGER/SEGGER" -I"/home/wyatt/Desktop/Mastering_RTOS/Workspace/RTOS_workspace/001Tasks/ThirdParty/FreeRTOS" -I"/home/wyatt/Desktop/Mastering_RTOS/Workspace/RTOS_workspace/001Tasks/ThirdParty/FreeRTOS/include" -I"/home/wyatt/Desktop/Mastering_RTOS/Workspace/RTOS_workspace/001Tasks/ThirdParty/FreeRTOS/portable/GCC/ARM_CM4F" -I../Drivers/STM32F4xx_HAL_Driver/Inc -I../Drivers/STM32F4xx_HAL_Driver/Inc/Legacy -I../Drivers/CMSIS/Device/ST/STM32F4xx/Include -I../Drivers/CMSIS/Include -O0 -ffunction-sections -fdata-sections -Wall -fstack-usage -fcyclomatic-complexity -MMD -MP -MF"Drivers/STM32F4xx_HAL_Driver/Src/stm32f4xx_hal_rcc_ex.d" -MT"Drivers/STM32F4xx_HAL_Driver/Src/stm32f4xx_hal_rcc_ex.o" --specs=nano.specs -mfpu=fpv4-sp-d16 -mfloat-abi=hard -mthumb -o "Drivers/STM32F4xx_HAL_Driver/Src/stm32f4xx_hal_rcc_ex.o"
arm-none-eabi-gcc "../Drivers/STM32F4xx_HAL_Driver/Src/stm32f4xx_hal_tim.c" -mcpu=cortex-m4 -std=gnu11 -g3 -DDEBUG -DUSE_HAL_DRIVER -DSTM32F446xx -c -I../Core/Inc -I"/home/wyatt/Desktop/Mastering_RTOS/Workspace/RTOS_workspace/001Tasks/ThirdParty/SEGGER/Config" -I"/home/wyatt/Desktop/Mastering_RTOS/Workspace/RTOS_workspace/001Tasks/ThirdParty/SEGGER/OS" -I"/home/wyatt/Desktop/Mastering_RTOS/Workspace/RTOS_workspace/001Tasks/ThirdParty/SEGGER/SEGGER" -I"/home/wyatt/Desktop/Mastering_RTOS/Workspace/RTOS_workspace/001Tasks/ThirdParty/FreeRTOS" -I"/home/wyatt/Desktop/Mastering_RTOS/Workspace/RTOS_workspace/001Tasks/ThirdParty/FreeRTOS/include" -I"/home/wyatt/Desktop/Mastering_RTOS/Workspace/RTOS_workspace/001Tasks/ThirdParty/FreeRTOS/portable/GCC/ARM_CM4F" -I../Drivers/STM32F4xx_HAL_Driver/Inc -I../Drivers/STM32F4xx_HAL_Driver/Inc/Legacy -I../Drivers/CMSIS/Device/ST/STM32F4xx/Include -I../Drivers/CMSIS/Include -O0 -ffunction-sections -fdata-sections -Wall -fstack-usage -fcyclomatic-complexity -MMD -MP -MF"Drivers/STM32F4xx_HAL_Driver/Src/stm32f4xx_hal_tim.d" -MT"Drivers/STM32F4xx_HAL_Driver/Src/stm32f4xx_hal_tim.o" --specs=nano.specs -mfpu=fpv4-sp-d16 -mfloat-abi=hard -mthumb -o "Drivers/STM32F4xx_HAL_Driver/Src/stm32f4xx_hal_tim.o"
arm-none-eabi-gcc "../Drivers/STM32F4xx_HAL_Driver/Src/stm32f4xx_hal_tim_ex.c" -mcpu=cortex-m4 -std=gnu11 -g3 -DDEBUG -DUSE_HAL_DRIVER -DSTM32F446xx -c -I../Core/Inc -I"/home/wyatt/Desktop/Mastering_RTOS/Workspace/RTOS_workspace/001Tasks/ThirdParty/SEGGER/Config" -I"/home/wyatt/Desktop/Mastering_RTOS/Workspace/RTOS_workspace/001Tasks/ThirdParty/SEGGER/OS" -I"/home/wyatt/Desktop/Mastering_RTOS/Workspace/RTOS_workspace/001Tasks/ThirdParty/SEGGER/SEGGER" -I"/home/wyatt/Desktop/Mastering_RTOS/Workspace/RTOS_workspace/001Tasks/ThirdParty/FreeRTOS" -I"/home/wyatt/Desktop/Mastering_RTOS/Workspace/RTOS_workspace/001Tasks/ThirdParty/FreeRTOS/include" -I"/home/wyatt/Desktop/Mastering_RTOS/Workspace/RTOS_workspace/001Tasks/ThirdParty/FreeRTOS/portable/GCC/ARM_CM4F" -I../Drivers/STM32F4xx_HAL_Driver/Inc -I../Drivers/STM32F4xx_HAL_Driver/Inc/Legacy -I../Drivers/CMSIS/Device/ST/STM32F4xx/Include -I../Drivers/CMSIS/Include -O0 -ffunction-sections -fdata-sections -Wall -fstack-usage -fcyclomatic-complexity -MMD -MP -MF"Drivers/STM32F4xx_HAL_Driver/Src/stm32f4xx_hal_tim_ex.d" -MT"Drivers/STM32F4xx_HAL_Driver/Src/stm32f4xx_hal_tim_ex.o" --specs=nano.specs -mfpu=fpv4-sp-d16 -mfloat-abi=hard -mthumb -o "Drivers/STM32F4xx_HAL_Driver/Src/stm32f4xx_hal_tim_ex.o"
arm-none-eabi-gcc -mcpu=cortex-m4 -g3 -DDEBUG -c -I"/home/wyatt/Desktop/Mastering_RTOS/Workspace/RTOS_workspace/001Tasks/ThirdParty/SEGGER/Config" -x assembler-with-cpp -MMD -MP -MF"Core/Startup/startup_stm32f446retx.d" -MT"Core/Startup/startup_stm32f446retx.o" --specs=nano.specs -mfpu=fpv4-sp-d16 -mfloat-abi=hard -mthumb -o "Core/Startup/startup_stm32f446retx.o" "../Core/Startup/startup_stm32f446retx.s"
arm-none-eabi-gcc "../Core/Src/main.c" -mcpu=cortex-m4 -std=gnu11 -g3 -DDEBUG -DUSE_HAL_DRIVER -DSTM32F446xx -c -I../Core/Inc -I"/home/wyatt/Desktop/Mastering_RTOS/Workspace/RTOS_workspace/001Tasks/ThirdParty/SEGGER/Config" -I"/home/wyatt/Desktop/Mastering_RTOS/Workspace/RTOS_workspace/001Tasks/ThirdParty/SEGGER/OS" -I"/home/wyatt/Desktop/Mastering_RTOS/Workspace/RTOS_workspace/001Tasks/ThirdParty/SEGGER/SEGGER" -I"/home/wyatt/Desktop/Mastering_RTOS/Workspace/RTOS_workspace/001Tasks/ThirdParty/FreeRTOS" -I"/home/wyatt/Desktop/Mastering_RTOS/Workspace/RTOS_workspace/001Tasks/ThirdParty/FreeRTOS/include" -I"/home/wyatt/Desktop/Mastering_RTOS/Workspace/RTOS_workspace/001Tasks/ThirdParty/FreeRTOS/portable/GCC/ARM_CM4F" -I../Drivers/STM32F4xx_HAL_Driver/Inc -I../Drivers/STM32F4xx_HAL_Driver/Inc/Legacy -I../Drivers/CMSIS/Device/ST/STM32F4xx/Include -I../Drivers/CMSIS/Include -O0 -ffunction-sections -fdata-sections -Wall -fstack-usage -fcyclomatic-complexity -MMD -MP -MF"Core/Src/main.d" -MT"Core/Src/main.o" --specs=nano.specs -mfpu=fpv4-sp-d16 -mfloat-abi=hard -mthumb -o "Core/Src/main.o"
arm-none-eabi-gcc "../Core/Src/stm32f4xx_hal_msp.c" -mcpu=cortex-m4 -std=gnu11 -g3 -DDEBUG -DUSE_HAL_DRIVER -DSTM32F446xx -c -I../Core/Inc -I"/home/wyatt/Desktop/Mastering_RTOS/Workspace/RTOS_workspace/001Tasks/ThirdParty/SEGGER/Config" -I"/home/wyatt/Desktop/Mastering_RTOS/Workspace/RTOS_workspace/001Tasks/ThirdParty/SEGGER/OS" -I"/home/wyatt/Desktop/Mastering_RTOS/Workspace/RTOS_workspace/001Tasks/ThirdParty/SEGGER/SEGGER" -I"/home/wyatt/Desktop/Mastering_RTOS/Workspace/RTOS_workspace/001Tasks/ThirdParty/FreeRTOS" -I"/home/wyatt/Desktop/Mastering_RTOS/Workspace/RTOS_workspace/001Tasks/ThirdParty/FreeRTOS/include" -I"/home/wyatt/Desktop/Mastering_RTOS/Workspace/RTOS_workspace/001Tasks/ThirdParty/FreeRTOS/portable/GCC/ARM_CM4F" -I../Drivers/STM32F4xx_HAL_Driver/Inc -I../Drivers/STM32F4xx_HAL_Driver/Inc/Legacy -I../Drivers/CMSIS/Device/ST/STM32F4xx/Include -I../Drivers/CMSIS/Include -O0 -ffunction-sections -fdata-sections -Wall -fstack-usage -fcyclomatic-complexity -MMD -MP -MF"Core/Src/stm32f4xx_hal_msp.d" -MT"Core/Src/stm32f4xx_hal_msp.o" --specs=nano.specs -mfpu=fpv4-sp-d16 -mfloat-abi=hard -mthumb -o "Core/Src/stm32f4xx_hal_msp.o"
arm-none-eabi-gcc "../Core/Src/stm32f4xx_hal_timebase_tim.c" -mcpu=cortex-m4 -std=gnu11 -g3 -DDEBUG -DUSE_HAL_DRIVER -DSTM32F446xx -c -I../Core/Inc -I"/home/wyatt/Desktop/Mastering_RTOS/Workspace/RTOS_workspace/001Tasks/ThirdParty/SEGGER/Config" -I"/home/wyatt/Desktop/Mastering_RTOS/Workspace/RTOS_workspace/001Tasks/ThirdParty/SEGGER/OS" -I"/home/wyatt/Desktop/Mastering_RTOS/Workspace/RTOS_workspace/001Tasks/ThirdParty/SEGGER/SEGGER" -I"/home/wyatt/Desktop/Mastering_RTOS/Workspace/RTOS_workspace/001Tasks/ThirdParty/FreeRTOS" -I"/home/wyatt/Desktop/Mastering_RTOS/Workspace/RTOS_workspace/001Tasks/ThirdParty/FreeRTOS/include" -I"/home/wyatt/Desktop/Mastering_RTOS/Workspace/RTOS_workspace/001Tasks/ThirdParty/FreeRTOS/portable/GCC/ARM_CM4F" -I../Drivers/STM32F4xx_HAL_Driver/Inc -I../Drivers/STM32F4xx_HAL_Driver/Inc/Legacy -I../Drivers/CMSIS/Device/ST/STM32F4xx/Include -I../Drivers/CMSIS/Include -O0 -ffunction-sections -fdata-sections -Wall -fstack-usage -fcyclomatic-complexity -MMD -MP -MF"Core/Src/stm32f4xx_hal_timebase_tim.d" -MT"Core/Src/stm32f4xx_hal_timebase_tim.o" --specs=nano.specs -mfpu=fpv4-sp-d16 -mfloat-abi=hard -mthumb -o "Core/Src/stm32f4xx_hal_timebase_tim.o"
arm-none-eabi-gcc "../Core/Src/stm32f4xx_it.c" -mcpu=cortex-m4 -std=gnu11 -g3 -DDEBUG -DUSE_HAL_DRIVER -DSTM32F446xx -c -I../Core/Inc -I"/home/wyatt/Desktop/Mastering_RTOS/Workspace/RTOS_workspace/001Tasks/ThirdParty/SEGGER/Config" -I"/home/wyatt/Desktop/Mastering_RTOS/Workspace/RTOS_workspace/001Tasks/ThirdParty/SEGGER/OS" -I"/home/wyatt/Desktop/Mastering_RTOS/Workspace/RTOS_workspace/001Tasks/ThirdParty/SEGGER/SEGGER" -I"/home/wyatt/Desktop/Mastering_RTOS/Workspace/RTOS_workspace/001Tasks/ThirdParty/FreeRTOS" -I"/home/wyatt/Desktop/Mastering_RTOS/Workspace/RTOS_workspace/001Tasks/ThirdParty/FreeRTOS/include" -I"/home/wyatt/Desktop/Mastering_RTOS/Workspace/RTOS_workspace/001Tasks/ThirdParty/FreeRTOS/portable/GCC/ARM_CM4F" -I../Drivers/STM32F4xx_HAL_Driver/Inc -I../Drivers/STM32F4xx_HAL_Driver/Inc/Legacy -I../Drivers/CMSIS/Device/ST/STM32F4xx/Include -I../Drivers/CMSIS/Include -O0 -ffunction-sections -fdata-sections -Wall -fstack-usage -fcyclomatic-complexity -MMD -MP -MF"Core/Src/stm32f4xx_it.d" -MT"Core/Src/stm32f4xx_it.o" --specs=nano.specs -mfpu=fpv4-sp-d16 -mfloat-abi=hard -mthumb -o "Core/Src/stm32f4xx_it.o"
arm-none-eabi-gcc "../Core/Src/syscalls.c" -mcpu=cortex-m4 -std=gnu11 -g3 -DDEBUG -DUSE_HAL_DRIVER -DSTM32F446xx -c -I../Core/Inc -I"/home/wyatt/Desktop/Mastering_RTOS/Workspace/RTOS_workspace/001Tasks/ThirdParty/SEGGER/Config" -I"/home/wyatt/Desktop/Mastering_RTOS/Workspace/RTOS_workspace/001Tasks/ThirdParty/SEGGER/OS" -I"/home/wyatt/Desktop/Mastering_RTOS/Workspace/RTOS_workspace/001Tasks/ThirdParty/SEGGER/SEGGER" -I"/home/wyatt/Desktop/Mastering_RTOS/Workspace/RTOS_workspace/001Tasks/ThirdParty/FreeRTOS" -I"/home/wyatt/Desktop/Mastering_RTOS/Workspace/RTOS_workspace/001Tasks/ThirdParty/FreeRTOS/include" -I"/home/wyatt/Desktop/Mastering_RTOS/Workspace/RTOS_workspace/001Tasks/ThirdParty/FreeRTOS/portable/GCC/ARM_CM4F" -I../Drivers/STM32F4xx_HAL_Driver/Inc -I../Drivers/STM32F4xx_HAL_Driver/Inc/Legacy -I../Drivers/CMSIS/Device/ST/STM32F4xx/Include -I../Drivers/CMSIS/Include -O0 -ffunction-sections -fdata-sections -Wall -fstack-usage -fcyclomatic-complexity -MMD -MP -MF"Core/Src/syscalls.d" -MT"Core/Src/syscalls.o" --specs=nano.specs -mfpu=fpv4-sp-d16 -mfloat-abi=hard -mthumb -o "Core/Src/syscalls.o"
arm-none-eabi-gcc "../Core/Src/system_stm32f4xx.c" -mcpu=cortex-m4 -std=gnu11 -g3 -DDEBUG -DUSE_HAL_DRIVER -DSTM32F446xx -c -I../Core/Inc -I"/home/wyatt/Desktop/Mastering_RTOS/Workspace/RTOS_workspace/001Tasks/ThirdParty/SEGGER/Config" -I"/home/wyatt/Desktop/Mastering_RTOS/Workspace/RTOS_workspace/001Tasks/ThirdParty/SEGGER/OS" -I"/home/wyatt/Desktop/Mastering_RTOS/Workspace/RTOS_workspace/001Tasks/ThirdParty/SEGGER/SEGGER" -I"/home/wyatt/Desktop/Mastering_RTOS/Workspace/RTOS_workspace/001Tasks/ThirdParty/FreeRTOS" -I"/home/wyatt/Desktop/Mastering_RTOS/Workspace/RTOS_workspace/001Tasks/ThirdParty/FreeRTOS/include" -I"/home/wyatt/Desktop/Mastering_RTOS/Workspace/RTOS_workspace/001Tasks/ThirdParty/FreeRTOS/portable/GCC/ARM_CM4F" -I../Drivers/STM32F4xx_HAL_Driver/Inc -I../Drivers/STM32F4xx_HAL_Driver/Inc/Legacy -I../Drivers/CMSIS/Device/ST/STM32F4xx/Include -I../Drivers/CMSIS/Include -O0 -ffunction-sections -fdata-sections -Wall -fstack-usage -fcyclomatic-complexity -MMD -MP -MF"Core/Src/system_stm32f4xx.d" -MT"Core/Src/system_stm32f4xx.o" --specs=nano.specs -mfpu=fpv4-sp-d16 -mfloat-abi=hard -mthumb -o "Core/Src/system_stm32f4xx.o"
arm-none-eabi-gcc -o "001Tasks.elf" @"objects.list"   -mcpu=cortex-m4 -T"/home/wyatt/Desktop/Mastering_RTOS/Workspace/RTOS_workspace/001Tasks/STM32F446RETX_FLASH.ld" --specs=nosys.specs -Wl,-Map="001Tasks.map" -Wl,--gc-sections -static --specs=nano.specs -mfpu=fpv4-sp-d16 -mfloat-abi=hard -mthumb -Wl,--start-group -lc -lm -Wl,--end-group
Finished building target: 001Tasks.elf
 
arm-none-eabi-size   001Tasks.elf 
arm-none-eabi-objdump -h -S  001Tasks.elf  > "001Tasks.list"
   text	   data	    bss	    dec	    hex	filename
  28012	    120	  84952	 113084	  1b9bc	001Tasks.elf
Finished building: default.size.stdout
 
Finished building: 001Tasks.list
 
18:38:58 **** Incremental Build of configuration Debug for project 001Tasks ****
make -j12 all 
[...]
arm-none-eabi-gcc "../ThirdParty/SEGGER/Config/SEGGER_SYSVIEW_Config_FreeRTOS.c" -mcpu=cortex-m4 -std=gnu11 -g3 -DDEBUG -DUSE_HAL_DRIVER -DSTM32F446xx -c -I../Core/Inc -I"/home/wyatt/Desktop/Mastering_RTOS/Workspace/RTOS_workspace/001Tasks/ThirdParty/SEGGER/Config" -I"/home/wyatt/Desktop/Mastering_RTOS/Workspace/RTOS_workspace/001Tasks/ThirdParty/SEGGER/OS" -I"/home/wyatt/Desktop/Mastering_RTOS/Workspace/RTOS_workspace/001Tasks/ThirdParty/SEGGER/SEGGER" -I"/home/wyatt/Desktop/Mastering_RTOS/Workspace/RTOS_workspace/001Tasks/ThirdParty/FreeRTOS" -I"/home/wyatt/Desktop/Mastering_RTOS/Workspace/RTOS_workspace/001Tasks/ThirdParty/FreeRTOS/include" -I"/home/wyatt/Desktop/Mastering_RTOS/Workspace/RTOS_workspace/001Tasks/ThirdParty/FreeRTOS/portable/GCC/ARM_CM4F" -I../Drivers/STM32F4xx_HAL_Driver/Inc -I../Drivers/STM32F4xx_HAL_Driver/Inc/Legacy -I../Drivers/CMSIS/Device/ST/STM32F4xx/Include -I../Drivers/CMSIS/Include -O0 -ffunction-sections -fdata-sections -Wall -fstack-usage -fcyclomatic-complexity -MMD -MP -MF"ThirdParty/SEGGER/Config/SEGGER_SYSVIEW_Config_FreeRTOS.d" -MT"ThirdParty/SEGGER/Config/SEGGER_SYSVIEW_Config_FreeRTOS.o" --specs=nano.specs -mfpu=fpv4-sp-d16 -mfloat-abi=hard -mthumb -o "ThirdParty/SEGGER/Config/SEGGER_SYSVIEW_Config_FreeRTOS.o"
arm-none-eabi-gcc "../ThirdParty/FreeRTOS/portable/MemMang/heap_4.c" -mcpu=cortex-m4 -std=gnu11 -g3 -DDEBUG -DUSE_HAL_DRIVER -DSTM32F446xx -c -I../Core/Inc -I"/home/wyatt/Desktop/Mastering_RTOS/Workspace/RTOS_workspace/001Tasks/ThirdParty/SEGGER/Config" -I"/home/wyatt/Desktop/Mastering_RTOS/Workspace/RTOS_workspace/001Tasks/ThirdParty/SEGGER/OS" -I"/home/wyatt/Desktop/Mastering_RTOS/Workspace/RTOS_workspace/001Tasks/ThirdParty/SEGGER/SEGGER" -I"/home/wyatt/Desktop/Mastering_RTOS/Workspace/RTOS_workspace/001Tasks/ThirdParty/FreeRTOS" -I"/home/wyatt/Desktop/Mastering_RTOS/Workspace/RTOS_workspace/001Tasks/ThirdParty/FreeRTOS/include" -I"/home/wyatt/Desktop/Mastering_RTOS/Workspace/RTOS_workspace/001Tasks/ThirdParty/FreeRTOS/portable/GCC/ARM_CM4F" -I../Drivers/STM32F4xx_HAL_Driver/Inc -I../Drivers/STM32F4xx_HAL_Driver/Inc/Legacy -I../Drivers/CMSIS/Device/ST/STM32F4xx/Include -I../Drivers/CMSIS/Include -O0 -ffunction-sections -fdata-sections -Wall -fstack-usage -fcyclomatic-complexity -MMD -MP -MF"ThirdParty/FreeRTOS/portable/MemMang/heap_4.d" -MT"ThirdParty/FreeRTOS/portable/MemMang/heap_4.o" --specs=nano.specs -mfpu=fpv4-sp-d16 -mfloat-abi=hard -mthumb -o "ThirdParty/FreeRTOS/portable/MemMang/heap_4.o"
arm-none-eabi-gcc "../ThirdParty/FreeRTOS/portable/GCC/ARM_CM4F/port.c" -mcpu=cortex-m4 -std=gnu11 -g3 -DDEBUG -DUSE_HAL_DRIVER -DSTM32F446xx -c -I../Core/Inc -I"/home/wyatt/Desktop/Mastering_RTOS/Workspace/RTOS_workspace/001Tasks/ThirdParty/SEGGER/Config" -I"/home/wyatt/Desktop/Mastering_RTOS/Workspace/RTOS_workspace/001Tasks/ThirdParty/SEGGER/OS" -I"/home/wyatt/Desktop/Mastering_RTOS/Workspace/RTOS_workspace/001Tasks/ThirdParty/SEGGER/SEGGER" -I"/home/wyatt/Desktop/Mastering_RTOS/Workspace/RTOS_workspace/001Tasks/ThirdParty/FreeRTOS" -I"/home/wyatt/Desktop/Mastering_RTOS/Workspace/RTOS_workspace/001Tasks/ThirdParty/FreeRTOS/include" -I"/home/wyatt/Desktop/Mastering_RTOS/Workspace/RTOS_workspace/001Tasks/ThirdParty/FreeRTOS/portable/GCC/ARM_CM4F" -I../Drivers/STM32F4xx_HAL_Driver/Inc -I../Drivers/STM32F4xx_HAL_Driver/Inc/Legacy -I../Drivers/CMSIS/Device/ST/STM32F4xx/Include -I../Drivers/CMSIS/Include -O0 -ffunction-sections -fdata-sections -Wall -fstack-usage -fcyclomatic-complexity -MMD -MP -MF"ThirdParty/FreeRTOS/portable/GCC/ARM_CM4F/port.d" -MT"ThirdParty/FreeRTOS/portable/GCC/ARM_CM4F/port.o" --specs=nano.specs -mfpu=fpv4-sp-d16 -mfloat-abi=hard -mthumb -o "ThirdParty/FreeRTOS/portable/GCC/ARM_CM4F/port.o"
arm-none-eabi-gcc "../ThirdParty/FreeRTOS/croutine.c" -mcpu=cortex-m4 -std=gnu11 -g3 -DDEBUG -DUSE_HAL_DRIVER -DSTM32F446xx -c -I../Core/Inc -I"/home/wyatt/Desktop/Mastering_RTOS/Workspace/RTOS_workspace/001Tasks/ThirdParty/SEGGER/Config" -I"/home/wyatt/Desktop/Mastering_RTOS/Workspace/RTOS_workspace/001Tasks/ThirdParty/SEGGER/OS" -I"/home/wyatt/Desktop/Mastering_RTOS/Workspace/RTOS_workspace/001Tasks/ThirdParty/SEGGER/SEGGER" -I"/home/wyatt/Desktop/Mastering_RTOS/Workspace/RTOS_workspace/001Tasks/ThirdParty/FreeRTOS" -I"/home/wyatt/Desktop/Mastering_RTOS/Workspace/RTOS_workspace/001Tasks/ThirdParty/FreeRTOS/include" -I"/home/wyatt/Desktop/Mastering_RTOS/Workspace/RTOS_workspace/001Tasks/ThirdParty/FreeRTOS/portable/GCC/ARM_CM4F" -I../Drivers/STM32F4xx_HAL_Driver/Inc -I../Drivers/STM32F4xx_HAL_Driver/Inc/Legacy -I../Drivers/CMSIS/Device/ST/STM32F4xx/Include -I../Drivers/CMSIS/Include -O0 -ffunction-sections -fdata-sections -Wall -fstack-usage -fcyclomatic-complexity -MMD -MP -MF"ThirdParty/FreeRTOS/croutine.d" -MT"ThirdParty/FreeRTOS/croutine.o" --specs=nano.specs -mfpu=fpv4-sp-d16 -mfloat-abi=hard -mthumb -o "ThirdParty/FreeRTOS/croutine.o"
arm-none-eabi-gcc "../ThirdParty/FreeRTOS/event_groups.c" -mcpu=cortex-m4 -std=gnu11 -g3 -DDEBUG -DUSE_HAL_DRIVER -DSTM32F446xx -c -I../Core/Inc -I"/home/wyatt/Desktop/Mastering_RTOS/Workspace/RTOS_workspace/001Tasks/ThirdParty/SEGGER/Config" -I"/home/wyatt/Desktop/Mastering_RTOS/Workspace/RTOS_workspace/001Tasks/ThirdParty/SEGGER/OS" -I"/home/wyatt/Desktop/Mastering_RTOS/Workspace/RTOS_workspace/001Tasks/ThirdParty/SEGGER/SEGGER" -I"/home/wyatt/Desktop/Mastering_RTOS/Workspace/RTOS_workspace/001Tasks/ThirdParty/FreeRTOS" -I"/home/wyatt/Desktop/Mastering_RTOS/Workspace/RTOS_workspace/001Tasks/ThirdParty/FreeRTOS/include" -I"/home/wyatt/Desktop/Mastering_RTOS/Workspace/RTOS_workspace/001Tasks/ThirdParty/FreeRTOS/portable/GCC/ARM_CM4F" -I../Drivers/STM32F4xx_HAL_Driver/Inc -I../Drivers/STM32F4xx_HAL_Driver/Inc/Legacy -I../Drivers/CMSIS/Device/ST/STM32F4xx/Include -I../Drivers/CMSIS/Include -O0 -ffunction-sections -fdata-sections -Wall -fstack-usage -fcyclomatic-complexity -MMD -MP -MF"ThirdParty/FreeRTOS/event_groups.d" -MT"ThirdParty/FreeRTOS/event_groups.o" --specs=nano.specs -mfpu=fpv4-sp-d16 -mfloat-abi=hard -mthumb -o "ThirdParty/FreeRTOS/event_groups.o"
arm-none-eabi-gcc "../ThirdParty/FreeRTOS/list.c" -mcpu=cortex-m4 -std=gnu11 -g3 -DDEBUG -DUSE_HAL_DRIVER -DSTM32F446xx -c -I../Core/Inc -I"/home/wyatt/Desktop/Mastering_RTOS/Workspace/RTOS_workspace/001Tasks/ThirdParty/SEGGER/Config" -I"/home/wyatt/Desktop/Mastering_RTOS/Workspace/RTOS_workspace/001Tasks/ThirdParty/SEGGER/OS" -I"/home/wyatt/Desktop/Mastering_RTOS/Workspace/RTOS_workspace/001Tasks/ThirdParty/SEGGER/SEGGER" -I"/home/wyatt/Desktop/Mastering_RTOS/Workspace/RTOS_workspace/001Tasks/ThirdParty/FreeRTOS" -I"/home/wyatt/Desktop/Mastering_RTOS/Workspace/RTOS_workspace/001Tasks/ThirdParty/FreeRTOS/include" -I"/home/wyatt/Desktop/Mastering_RTOS/Workspace/RTOS_workspace/001Tasks/ThirdParty/FreeRTOS/portable/GCC/ARM_CM4F" -I../Drivers/STM32F4xx_HAL_Driver/Inc -I../Drivers/STM32F4xx_HAL_Driver/Inc/Legacy -I../Drivers/CMSIS/Device/ST/STM32F4xx/Include -I../Drivers/CMSIS/Include -O0 -ffunction-sections -fdata-sections -Wall -fstack-usage -fcyclomatic-complexity -MMD -MP -MF"ThirdParty/FreeRTOS/list.d" -MT"ThirdParty/FreeRTOS/list.o" --specs=nano.specs -mfpu=fpv4-sp-d16 -mfloat-abi=hard -mthumb -o "ThirdParty/FreeRTOS/list.o"
arm-none-eabi-gcc "../ThirdParty/FreeRTOS/queue.c" -mcpu=cortex-m4 -std=gnu11 -g3 -DDEBUG -DUSE_HAL_DRIVER -DSTM32F446xx -c -I../Core/Inc -I"/home/wyatt/Desktop/Mastering_RTOS/Workspace/RTOS_workspace/001Tasks/ThirdParty/SEGGER/Config" -I"/home/wyatt/Desktop/Mastering_RTOS/Workspace/RTOS_workspace/001Tasks/ThirdParty/SEGGER/OS" -I"/home/wyatt/Desktop/Mastering_RTOS/Workspace/RTOS_workspace/001Tasks/ThirdParty/SEGGER/SEGGER" -I"/home/wyatt/Desktop/Mastering_RTOS/Workspace/RTOS_workspace/001Tasks/ThirdParty/FreeRTOS" -I"/home/wyatt/Desktop/Mastering_RTOS/Workspace/RTOS_workspace/001Tasks/ThirdParty/FreeRTOS/include" -I"/home/wyatt/Desktop/Mastering_RTOS/Workspace/RTOS_workspace/001Tasks/ThirdParty/FreeRTOS/portable/GCC/ARM_CM4F" -I../Drivers/STM32F4xx_HAL_Driver/Inc -I../Drivers/STM32F4xx_HAL_Driver/Inc/Legacy -I../Drivers/CMSIS/Device/ST/STM32F4xx/Include -I../Drivers/CMSIS/Include -O0 -ffunction-sections -fdata-sections -Wall -fstack-usage -fcyclomatic-complexity -MMD -MP -MF"ThirdParty/FreeRTOS/queue.d" -MT"ThirdParty/FreeRTOS/queue.o" --specs=nano.specs -mfpu=fpv4-sp-d16 -mfloat-abi=hard -mthumb -o "ThirdParty/FreeRTOS/queue.o"
arm-none-eabi-gcc "../ThirdParty/FreeRTOS/stream_buffer.c" -mcpu=cortex-m4 -std=gnu11 -g3 -DDEBUG -DUSE_HAL_DRIVER -DSTM32F446xx -c -I../Core/Inc -I"/home/wyatt/Desktop/Mastering_RTOS/Workspace/RTOS_workspace/001Tasks/ThirdParty/SEGGER/Config" -I"/home/wyatt/Desktop/Mastering_RTOS/Workspace/RTOS_workspace/001Tasks/ThirdParty/SEGGER/OS" -I"/home/wyatt/Desktop/Mastering_RTOS/Workspace/RTOS_workspace/001Tasks/ThirdParty/SEGGER/SEGGER" -I"/home/wyatt/Desktop/Mastering_RTOS/Workspace/RTOS_workspace/001Tasks/ThirdParty/FreeRTOS" -I"/home/wyatt/Desktop/Mastering_RTOS/Workspace/RTOS_workspace/001Tasks/ThirdParty/FreeRTOS/include" -I"/home/wyatt/Desktop/Mastering_RTOS/Workspace/RTOS_workspace/001Tasks/ThirdParty/FreeRTOS/portable/GCC/ARM_CM4F" -I../Drivers/STM32F4xx_HAL_Driver/Inc -I../Drivers/STM32F4xx_HAL_Driver/Inc/Legacy -I../Drivers/CMSIS/Device/ST/STM32F4xx/Include -I../Drivers/CMSIS/Include -O0 -ffunction-sections -fdata-sections -Wall -fstack-usage -fcyclomatic-complexity -MMD -MP -MF"ThirdParty/FreeRTOS/stream_buffer.d" -MT"ThirdParty/FreeRTOS/stream_buffer.o" --specs=nano.specs -mfpu=fpv4-sp-d16 -mfloat-abi=hard -mthumb -o "ThirdParty/FreeRTOS/stream_buffer.o"
arm-none-eabi-gcc "../ThirdParty/FreeRTOS/tasks.c" -mcpu=cortex-m4 -std=gnu11 -g3 -DDEBUG -DUSE_HAL_DRIVER -DSTM32F446xx -c -I../Core/Inc -I"/home/wyatt/Desktop/Mastering_RTOS/Workspace/RTOS_workspace/001Tasks/ThirdParty/SEGGER/Config" -I"/home/wyatt/Desktop/Mastering_RTOS/Workspace/RTOS_workspace/001Tasks/ThirdParty/SEGGER/OS" -I"/home/wyatt/Desktop/Mastering_RTOS/Workspace/RTOS_workspace/001Tasks/ThirdParty/SEGGER/SEGGER" -I"/home/wyatt/Desktop/Mastering_RTOS/Workspace/RTOS_workspace/001Tasks/ThirdParty/FreeRTOS" -I"/home/wyatt/Desktop/Mastering_RTOS/Workspace/RTOS_workspace/001Tasks/ThirdParty/FreeRTOS/include" -I"/home/wyatt/Desktop/Mastering_RTOS/Workspace/RTOS_workspace/001Tasks/ThirdParty/FreeRTOS/portable/GCC/ARM_CM4F" -I../Drivers/STM32F4xx_HAL_Driver/Inc -I../Drivers/STM32F4xx_HAL_Driver/Inc/Legacy -I../Drivers/CMSIS/Device/ST/STM32F4xx/Include -I../Drivers/CMSIS/Include -O0 -ffunction-sections -fdata-sections -Wall -fstack-usage -fcyclomatic-complexity -MMD -MP -MF"ThirdParty/FreeRTOS/tasks.d" -MT"ThirdParty/FreeRTOS/tasks.o" --specs=nano.specs -mfpu=fpv4-sp-d16 -mfloat-abi=hard -mthumb -o "ThirdParty/FreeRTOS/tasks.o"
arm-none-eabi-gcc "../ThirdParty/FreeRTOS/timers.c" -mcpu=cortex-m4 -std=gnu11 -g3 -DDEBUG -DUSE_HAL_DRIVER -DSTM32F446xx -c -I../Core/Inc -I"/home/wyatt/Desktop/Mastering_RTOS/Workspace/RTOS_workspace/001Tasks/ThirdParty/SEGGER/Config" -I"/home/wyatt/Desktop/Mastering_RTOS/Workspace/RTOS_workspace/001Tasks/ThirdParty/SEGGER/OS" -I"/home/wyatt/Desktop/Mastering_RTOS/Workspace/RTOS_workspace/001Tasks/ThirdParty/SEGGER/SEGGER" -I"/home/wyatt/Desktop/Mastering_RTOS/Workspace/RTOS_workspace/001Tasks/ThirdParty/FreeRTOS" -I"/home/wyatt/Desktop/Mastering_RTOS/Workspace/RTOS_workspace/001Tasks/ThirdParty/FreeRTOS/include" -I"/home/wyatt/Desktop/Mastering_RTOS/Workspace/RTOS_workspace/001Tasks/ThirdParty/FreeRTOS/portable/GCC/ARM_CM4F" -I../Drivers/STM32F4xx_HAL_Driver/Inc -I../Drivers/STM32F4xx_HAL_Driver/Inc/Legacy -I../Drivers/CMSIS/Device/ST/STM32F4xx/Include -I../Drivers/CMSIS/Include -O0 -ffunction-sections -fdata-sections -Wall -fstack-usage -fcyclomatic-complexity -MMD -MP -MF"ThirdParty/FreeRTOS/timers.d" -MT"ThirdParty/FreeRTOS/timers.o" --specs=nano.specs -mfpu=fpv4-sp-d16 -mfloat-abi=hard -mthumb -o "ThirdParty/FreeRTOS/timers.o"
arm-none-eabi-gcc "../Core/Src/main.c" -mcpu=cortex-m4 -std=gnu11 -g3 -DDEBUG -DUSE_HAL_DRIVER -DSTM32F446xx -c -I../Core/Inc -I"/home/wyatt/Desktop/Mastering_RTOS/Workspace/RTOS_workspace/001Tasks/ThirdParty/SEGGER/Config" -I"/home/wyatt/Desktop/Mastering_RTOS/Workspace/RTOS_workspace/001Tasks/ThirdParty/SEGGER/OS" -I"/home/wyatt/Desktop/Mastering_RTOS/Workspace/RTOS_workspace/001Tasks/ThirdParty/SEGGER/SEGGER" -I"/home/wyatt/Desktop/Mastering_RTOS/Workspace/RTOS_workspace/001Tasks/ThirdParty/FreeRTOS" -I"/home/wyatt/Desktop/Mastering_RTOS/Workspace/RTOS_workspace/001Tasks/ThirdParty/FreeRTOS/include" -I"/home/wyatt/Desktop/Mastering_RTOS/Workspace/RTOS_workspace/001Tasks/ThirdParty/FreeRTOS/portable/GCC/ARM_CM4F" -I../Drivers/STM32F4xx_HAL_Driver/Inc -I../Drivers/STM32F4xx_HAL_Driver/Inc/Legacy -I../Drivers/CMSIS/Device/ST/STM32F4xx/Include -I../Drivers/CMSIS/Include -O0 -ffunction-sections -fdata-sections -Wall -fstack-usage -fcyclomatic-complexity -MMD -MP -MF"Core/Src/main.d" -MT"Core/Src/main.o" --specs=nano.specs -mfpu=fpv4-sp-d16 -mfloat-abi=hard -mthumb -o "Core/Src/main.o"
arm-none-eabi-gcc "../Core/Src/stm32f4xx_hal_msp.c" -mcpu=cortex-m4 -std=gnu11 -g3 -DDEBUG -DUSE_HAL_DRIVER -DSTM32F446xx -c -I../Core/Inc -I"/home/wyatt/Desktop/Mastering_RTOS/Workspace/RTOS_workspace/001Tasks/ThirdParty/SEGGER/Config" -I"/home/wyatt/Desktop/Mastering_RTOS/Workspace/RTOS_workspace/001Tasks/ThirdParty/SEGGER/OS" -I"/home/wyatt/Desktop/Mastering_RTOS/Workspace/RTOS_workspace/001Tasks/ThirdParty/SEGGER/SEGGER" -I"/home/wyatt/Desktop/Mastering_RTOS/Workspace/RTOS_workspace/001Tasks/ThirdParty/FreeRTOS" -I"/home/wyatt/Desktop/Mastering_RTOS/Workspace/RTOS_workspace/001Tasks/ThirdParty/FreeRTOS/include" -I"/home/wyatt/Desktop/Mastering_RTOS/Workspace/RTOS_workspace/001Tasks/ThirdParty/FreeRTOS/portable/GCC/ARM_CM4F" -I../Drivers/STM32F4xx_HAL_Driver/Inc -I../Drivers/STM32F4xx_HAL_Driver/Inc/Legacy -I../Drivers/CMSIS/Device/ST/STM32F4xx/Include -I../Drivers/CMSIS/Include -O0 -ffunction-sections -fdata-sections -Wall -fstack-usage -fcyclomatic-complexity -MMD -MP -MF"Core/Src/stm32f4xx_hal_msp.d" -MT"Core/Src/stm32f4xx_hal_msp.o" --specs=nano.specs -mfpu=fpv4-sp-d16 -mfloat-abi=hard -mthumb -o "Core/Src/stm32f4xx_hal_msp.o"
../ThirdParty/FreeRTOS/tasks.c: In function 'vTaskPrioritySet':
../ThirdParty/FreeRTOS/tasks.c:1644:41: warning: implicit declaration of function 'prvReaddTaskToReadyList'; did you mean 'prvAddTaskToReadyList'? [-Wimplicit-function-declaration]
 1644 |                                         prvReaddTaskToReadyList( pxTCB );
      |                                         ^~~~~~~~~~~~~~~~~~~~~~~
      |                                         prvAddTaskToReadyList
arm-none-eabi-gcc -o "001Tasks.elf" @"objects.list"   -mcpu=cortex-m4 -T"/home/wyatt/Desktop/Mastering_RTOS/Workspace/RTOS_workspace/001Tasks/STM32F446RETX_FLASH.ld" --specs=nosys.specs -Wl,-Map="001Tasks.map" -Wl,--gc-sections -static --specs=nano.specs -mfpu=fpv4-sp-d16 -mfloat-abi=hard -mthumb -Wl,--start-group -lc -lm -Wl,--end-group
Finished building target: 001Tasks.elf
 
arm-none-eabi-size   001Tasks.elf 
arm-none-eabi-objdump -h -S  001Tasks.elf  > "001Tasks.list"
   text	   data	    bss	    dec	    hex	filename
  28268	    120	  84952	 113340	  1babc	001Tasks.elf
Finished building: default.size.stdout
 
Finished building: 001Tasks.list
 
19:37:46 **** Incremental Build of configuration Debug for project 001Tasks ****
make -j12 all 
arm-none-eabi-gcc -o "001Tasks.elf" @"objects.list"   -mcpu=cortex-m4 -T"/home/wyatt/Desktop/Mastering_RTOS/Workspace/RTOS_workspace/001Tasks/STM32F446RETX_FLASH.ld" --specs=nosys.specs -Wl,-Map="001Tasks.map" -Wl,--gc-sections -static --specs=nano.specs -mfpu=fpv4-sp-d16 -mfloat-abi=hard -mthumb -Wl,--start-group -lc -lm -Wl,--end-group
Finished building target: 001Tasks.elf
 
arm-none-eabi-size   001Tasks.elf 
arm-none-eabi-objdump -h -S  001Tasks.elf  > "001Tasks.list"
   text	   data	    bss	    dec	    hex	filename
  28268	    120	  84952	 113340	  1babc	001Tasks.elf
Finished building: default.size.stdout
 
Finished building: 001Tasks.list
 
19:37:56 **** Incremental Build of configuration Debug for project 001Tasks ****
make -j12 all 
arm-none-eabi-size   001Tasks.elf 
   text	   data	    bss	    dec	    hex	filename
  28268	    120	  84952	 113340	  1babc	001Tasks.elf
Finished building: default.size.stdout
 
19:37:58 **** Incremental Build of configuration Debug for project 001Tasks ****
make -j12 all 
arm-none-eabi-size   001Tasks.elf 
   text	   data	    bss	    dec	    hex	filename
  28268	    120	  84952	 113340	  1babc	001Tasks.elf
Finished building: default.size.stdout
 
19:48:11 **** Incremental Build of configuration Debug for project 001Tasks ****
make -j12 all 
arm-none-eabi-gcc "../Core/Src/main.c" -mcpu=cortex-m4 -std=gnu11 -g3 -DDEBUG -DUSE_HAL_DRIVER -DSTM32F446xx -c -I../Core/Inc -I"/home/wyatt/Desktop/Mastering_RTOS/Workspace/RTOS_workspace/001Tasks/ThirdParty/SEGGER/Config" -I"/home/wyatt/Desktop/Mastering_RTOS/Workspace/RTOS_workspace/001Tasks/ThirdParty/SEGGER/OS" -I"/home/wyatt/Desktop/Mastering_RTOS/Workspace/RTOS_workspace/001Tasks/ThirdParty/SEGGER/SEGGER" -I"/home/wyatt/Desktop/Mastering_RTOS/Workspace/RTOS_workspace/001Tasks/ThirdParty/FreeRTOS" -I"/home/wyatt/Desktop/Mastering_RTOS/Workspace/RTOS_workspace/001Tasks/ThirdParty/FreeRTOS/include" -I"/home/wyatt/Desktop/Mastering_RTOS/Workspace/RTOS_workspace/001Tasks/ThirdParty/FreeRTOS/portable/GCC/ARM_CM4F" -I../Drivers/STM32F4xx_HAL_Driver/Inc -I../Drivers/STM32F4xx_HAL_Driver/Inc/Legacy -I../Drivers/CMSIS/Device/ST/STM32F4xx/Include -I../Drivers/CMSIS/Include -O0 -ffunction-sections -fdata-sections -Wall -fstack-usage -fcyclomatic-complexity -MMD -MP -MF"Core/Src/main.d" -MT"Core/Src/main.o" --specs=nano.specs -mfpu=fpv4-sp-d16 -mfloat-abi=hard -mthumb -o "Core/Src/main.o"
arm-none-eabi-gcc -o "001Tasks.elf" @"objects.list"   -mcpu=cortex-m4 -T"/home/wyatt/Desktop/Mastering_RTOS/Workspace/RTOS_workspace/001Tasks/STM32F446RETX_FLASH.ld" --specs=nosys.specs -Wl,-Map="001Tasks.map" -Wl,--gc-sections -static --specs=nano.specs -mfpu=fpv4-sp-d16 -mfloat-abi=hard -mthumb -Wl,--start-group -lc -lm -Wl,--end-group
Finished building target: 001Tasks.elf
 
arm-none-eabi-size   001Tasks.elf 
arm-none-eabi-objdump -h -S  001Tasks.elf  > "001Tasks.list"
   text	   data	    bss	    dec	    hex	filename
  29712	    108	  84948	 114768	  1c050	001Tasks.elf
Finished building: default.size.stdout
 
Finished building: 001Tasks.list
 
19:48:21 **** Incremental Build of configuration Debug for project 001Tasks ****
make -j12 all 
arm-none-eabi-size   001Tasks.elf 
   text	   data	    bss	    dec	    hex	filename
  29712	    108	  84948	 114768	  1c050	001Tasks.elf
Finished building: default.size.stdout
 
19:48:23 **** Incremental Build of configuration Debug for project 001Tasks ****
make -j12 all 
arm-none-eabi-size   001Tasks.elf 
   text	   data	    bss	    dec	    hex	filename
  29712	    108	  84948	 114768	  1c050	001Tasks.elf
Finished building: default.size.stdout
 
13:41:42 **** Incremental Build of configuration Debug for project 001Tasks ****
make -j12 all 
arm-none-eabi-size   001Tasks.elf 
   text	   data	    bss	    dec	    hex	filename
  29712	    108	  84948	 114768	  1c050	001Tasks.elf
Finished building: default.size.stdout
 
