../Core/Src/led_effect.c:11:6:led_effect_stop	24	static
../Core/Src/led_effect.c:20:6:led_effect	32	static
../Core/Src/led_effect.c:28:6:turn_off_all_leds	8	static
../Core/Src/led_effect.c:38:6:turn_on_all_leds	8	static
../Core/Src/led_effect.c:48:6:turn_on_even_leds	8	static
../Core/Src/led_effect.c:58:6:turn_on_odd_leds	8	static
../Core/Src/led_effect.c:68:6:LED_control	24	static
../Core/Src/led_effect.c:94:6:LED_effect1	8	static
../Core/Src/led_effect.c:103:6:LED_effect2	8	static
../Core/Src/led_effect.c:112:6:LED_effect3	8	static
../Core/Src/led_effect.c:121:6:LED_effect4	8	static
